Component: ARM Compiler 5.06 update 5 (build 528) Tool: armlink [4d35e2]

==============================================================================

Section Cross References

    stm32f10x_it.o(.text) refers to usart.o(.text) for UsartPrintf
    system_stm32f10x.o(.text) refers to system_stm32f10x.o(.data) for SystemCoreClock
    startup_stm32f10x_md.o(STACK) refers (Special) to heapauxi.o(.text) for __use_two_region_memory
    startup_stm32f10x_md.o(HEAP) refers (Special) to heapauxi.o(.text) for __use_two_region_memory
    startup_stm32f10x_md.o(RESET) refers (Special) to heapauxi.o(.text) for __use_two_region_memory
    startup_stm32f10x_md.o(RESET) refers to startup_stm32f10x_md.o(STACK) for __initial_sp
    startup_stm32f10x_md.o(RESET) refers to startup_stm32f10x_md.o(.text) for Reset_Handler
    startup_stm32f10x_md.o(RESET) refers to stm32f10x_it.o(.text) for NMI_Handler
    startup_stm32f10x_md.o(RESET) refers to key.o(.text) for EXTI1_IRQHandler
    startup_stm32f10x_md.o(RESET) refers to usart.o(.text) for USART1_IRQHandler
    startup_stm32f10x_md.o(RESET) refers to esp8266.o(.text) for USART2_IRQHandler
    startup_stm32f10x_md.o(.text) refers (Special) to heapauxi.o(.text) for __use_two_region_memory
    startup_stm32f10x_md.o(.text) refers to system_stm32f10x.o(.text) for SystemInit
    startup_stm32f10x_md.o(.text) refers to __main.o(!!!main) for __main
    startup_stm32f10x_md.o(.text) refers to startup_stm32f10x_md.o(HEAP) for Heap_Mem
    startup_stm32f10x_md.o(.text) refers to startup_stm32f10x_md.o(STACK) for Stack_Mem
    stm32f10x_gpio.o(.text) refers to stm32f10x_rcc.o(.text) for RCC_APB2PeriphResetCmd
    stm32f10x_rcc.o(.text) refers to stm32f10x_rcc.o(.data) for APBAHBPrescTable
    stm32f10x_usart.o(.text) refers to stm32f10x_rcc.o(.text) for RCC_APB2PeriphResetCmd
    delay.o(.text) refers to delay.o(.data) for UsCount
    usart.o(.text) refers to stm32f10x_rcc.o(.text) for RCC_APB2PeriphClockCmd
    usart.o(.text) refers to stm32f10x_gpio.o(.text) for GPIO_Init
    usart.o(.text) refers to stm32f10x_usart.o(.text) for USART_Init
    usart.o(.text) refers to misc.o(.text) for NVIC_Init
    usart.o(.text) refers to vsnprintf.o(.text) for vsnprintf
    led.o(.text) refers to stm32f10x_gpio.o(.text) for GPIO_WriteBit
    led.o(.text) refers to stm32f10x_rcc.o(.text) for RCC_APB2PeriphClockCmd
    led.o(.text) refers to led.o(.data) for led_info
    key.o(.text) refers to stm32f10x_rcc.o(.text) for RCC_APB2PeriphClockCmd
    key.o(.text) refers to stm32f10x_gpio.o(.text) for GPIO_EXTILineConfig
    key.o(.text) refers to stm32f10x_exti.o(.text) for EXTI_Init
    key.o(.text) refers to misc.o(.text) for NVIC_Init
    key.o(.text) refers to delay.o(.text) for DelayXms
    key.o(.text) refers to led.o(.text) for Led_Set
    key.o(.text) refers to led.o(.data) for led_info
    dht11.o(.text) refers to stm32f10x_rcc.o(.text) for RCC_APB2PeriphClockCmd
    dht11.o(.text) refers to stm32f10x_gpio.o(.text) for GPIO_Init
    dht11.o(.text) refers to delay.o(.text) for DelayXms
    main.o(.text) refers to _printf_pad.o(.text) for _printf_pre_padding
    main.o(.text) refers to _printf_percent.o(.ARM.Collect$$_printf_percent$$00000000) for _printf_percent
    main.o(.text) refers to _printf_d.o(.ARM.Collect$$_printf_percent$$00000009) for _printf_d
    main.o(.text) refers to _printf_dec.o(.text) for _printf_int_dec
    main.o(.text) refers to misc.o(.text) for NVIC_PriorityGroupConfig
    main.o(.text) refers to delay.o(.text) for Delay_Init
    main.o(.text) refers to usart.o(.text) for Usart1_Init
    main.o(.text) refers to key.o(.text) for key_Init
    main.o(.text) refers to led.o(.text) for Led_Init
    main.o(.text) refers to dht11.o(.text) for DHT11_Init
    main.o(.text) refers to oled.o(.text) for OLED_Init
    main.o(.text) refers to esp8266.o(.text) for ESP8266_Init
    main.o(.text) refers to onenet.o(.text) for OneNet_DevLink
    main.o(.text) refers to __2sprintf.o(.text) for __2sprintf
    main.o(.text) refers to main.o(.data) for humi
    main.o(.text) refers to led.o(.data) for led_info
    onenet.o(.text) refers to _printf_percent.o(.ARM.Collect$$_printf_percent$$00000000) for _printf_percent
    onenet.o(.text) refers to _printf_d.o(.ARM.Collect$$_printf_percent$$00000009) for _printf_d
    onenet.o(.text) refers to _printf_s.o(.ARM.Collect$$_printf_percent$$00000014) for _printf_s
    onenet.o(.text) refers to _printf_dec.o(.text) for _printf_int_dec
    onenet.o(.text) refers to _printf_str.o(.text) for _printf_str
    onenet.o(.text) refers to _scanf_int.o(.text) for _scanf_int
    onenet.o(.text) refers to _scanf_str.o(.text) for _scanf_string
    onenet.o(.text) refers to strlen.o(.text) for strlen
    onenet.o(.text) refers to strcat.o(.text) for strcat
    onenet.o(.text) refers to rt_memclr_w.o(.text) for __aeabi_memclr4
    onenet.o(.text) refers to base64.o(.text) for BASE64_Decode
    onenet.o(.text) refers to __2snprintf.o(.text) for __2snprintf
[...]
    __rt_lib_init_heap_2                     0x080001f3   Thumb Code     0  libinit2.o(.ARM.Collect$$libinit$$00000005)
    __rt_lib_init_preinit_1                  0x080001f3   Thumb Code     0  libinit2.o(.ARM.Collect$$libinit$$00000004)
    __rt_lib_init_heap_1                     0x080001fb   Thumb Code     0  libinit2.o(.ARM.Collect$$libinit$$0000000A)
    __rt_lib_init_lc_common                  0x080001fb   Thumb Code     0  libinit2.o(.ARM.Collect$$libinit$$0000000F)
    __rt_lib_init_rand_1                     0x080001fb   Thumb Code     0  libinit2.o(.ARM.Collect$$libinit$$0000000E)
    __rt_lib_init_user_alloc_1               0x080001fb   Thumb Code     0  libinit2.o(.ARM.Collect$$libinit$$0000000C)
    __rt_lib_init_lc_collate_1               0x08000201   Thumb Code     0  libinit2.o(.ARM.Collect$$libinit$$00000011)
    __rt_lib_init_lc_ctype_2                 0x08000201   Thumb Code     0  libinit2.o(.ARM.Collect$$libinit$$00000012)
    __rt_lib_init_lc_ctype_1                 0x0800020d   Thumb Code     0  libinit2.o(.ARM.Collect$$libinit$$00000013)
    __rt_lib_init_lc_monetary_1              0x0800020d   Thumb Code     0  libinit2.o(.ARM.Collect$$libinit$$00000015)
    __rt_lib_init_lc_numeric_2               0x0800020d   Thumb Code     0  libinit2.o(.ARM.Collect$$libinit$$00000016)
    __rt_lib_init_alloca_1                   0x08000217   Thumb Code     0  libinit2.o(.ARM.Collect$$libinit$$0000002E)
    __rt_lib_init_argv_1                     0x08000217   Thumb Code     0  libinit2.o(.ARM.Collect$$libinit$$0000002C)
    __rt_lib_init_atexit_1                   0x08000217   Thumb Code     0  libinit2.o(.ARM.Collect$$libinit$$0000001B)
    __rt_lib_init_clock_1                    0x08000217   Thumb Code     0  libinit2.o(.ARM.Collect$$libinit$$00000021)
    __rt_lib_init_cpp_1                      0x08000217   Thumb Code     0  libinit2.o(.ARM.Collect$$libinit$$00000032)
    __rt_lib_init_exceptions_1               0x08000217   Thumb Code     0  libinit2.o(.ARM.Collect$$libinit$$00000030)
    __rt_lib_init_fp_trap_1                  0x08000217   Thumb Code     0  libinit2.o(.ARM.Collect$$libinit$$0000001F)
    __rt_lib_init_getenv_1                   0x08000217   Thumb Code     0  libinit2.o(.ARM.Collect$$libinit$$00000023)
    __rt_lib_init_lc_numeric_1               0x08000217   Thumb Code     0  libinit2.o(.ARM.Collect$$libinit$$00000017)
    __rt_lib_init_lc_time_1                  0x08000217   Thumb Code     0  libinit2.o(.ARM.Collect$$libinit$$00000019)
    __rt_lib_init_return                     0x08000217   Thumb Code     0  libinit2.o(.ARM.Collect$$libinit$$00000033)
    __rt_lib_init_signal_1                   0x08000217   Thumb Code     0  libinit2.o(.ARM.Collect$$libinit$$0000001D)
    __rt_lib_init_stdio_1                    0x08000217   Thumb Code     0  libinit2.o(.ARM.Collect$$libinit$$00000025)
    __rt_lib_shutdown                        0x08000219   Thumb Code     0  libshutdown.o(.ARM.Collect$$libshutdown$$00000000)
    __rt_lib_shutdown_cpp_1                  0x0800021b   Thumb Code     0  libshutdown2.o(.ARM.Collect$$libshutdown$$00000002)
    __rt_lib_shutdown_fp_trap_1              0x0800021b   Thumb Code     0  libshutdown2.o(.ARM.Collect$$libshutdown$$00000007)
    __rt_lib_shutdown_heap_1                 0x0800021b   Thumb Code     0  libshutdown2.o(.ARM.Collect$$libshutdown$$0000000F)
    __rt_lib_shutdown_return                 0x0800021b   Thumb Code     0  libshutdown2.o(.ARM.Collect$$libshutdown$$00000010)
    __rt_lib_shutdown_signal_1               0x0800021b   Thumb Code     0  libshutdown2.o(.ARM.Collect$$libshutdown$$0000000A)
    __rt_lib_shutdown_stdio_1                0x0800021b   Thumb Code     0  libshutdown2.o(.ARM.Collect$$libshutdown$$00000004)
    __rt_lib_shutdown_user_alloc_1           0x0800021b   Thumb Code     0  libshutdown2.o(.ARM.Collect$$libshutdown$$0000000C)
    __rt_entry                               0x0800021d   Thumb Code     0  __rtentry.o(.ARM.Collect$$rtentry$$00000000)
    __rt_entry_presh_1                       0x0800021d   Thumb Code     0  __rtentry2.o(.ARM.Collect$$rtentry$$00000002)
    __rt_entry_sh                            0x0800021d   Thumb Code     0  __rtentry4.o(.ARM.Collect$$rtentry$$00000004)
    __rt_entry_li                            0x08000223   Thumb Code     0  __rtentry2.o(.ARM.Collect$$rtentry$$0000000A)
    __rt_entry_postsh_1                      0x08000223   Thumb Code     0  __rtentry2.o(.ARM.Collect$$rtentry$$00000009)
    __rt_entry_main                          0x08000227   Thumb Code     0  __rtentry2.o(.ARM.Collect$$rtentry$$0000000D)
    __rt_entry_postli_1                      0x08000227   Thumb Code     0  __rtentry2.o(.ARM.Collect$$rtentry$$0000000C)
    __rt_exit                                0x0800022f   Thumb Code     0  rtexit.o(.ARM.Collect$$rtexit$$00000000)
    __rt_exit_ls                             0x08000231   Thumb Code     0  rtexit2.o(.ARM.Collect$$rtexit$$00000003)
    __rt_exit_prels_1                        0x08000231   Thumb Code     0  rtexit2.o(.ARM.Collect$$rtexit$$00000002)
    __rt_exit_exit                           0x08000235   Thumb Code     0  rtexit2.o(.ARM.Collect$$rtexit$$00000004)
    NMI_Handler                              0x0800023d   Thumb Code     2  stm32f10x_it.o(.text)
    _maybe_terminate_alloc                   0x0800023d   Thumb Code     0  maybetermalloc1.o(.emb_text)
    HardFault_Handler                        0x0800023f   Thumb Code    12  stm32f10x_it.o(.text)
    MemManage_Handler                        0x0800024b   Thumb Code    12  stm32f10x_it.o(.text)
    BusFault_Handler                         0x08000257   Thumb Code    12  stm32f10x_it.o(.text)
    UsageFault_Handler                       0x08000263   Thumb Code    12  stm32f10x_it.o(.text)
    SVC_Handler                              0x0800026f   Thumb Code     2  stm32f10x_it.o(.text)
    DebugMon_Handler                         0x08000271   Thumb Code     2  stm32f10x_it.o(.text)
    SysTick_Handler                          0x08000273   Thumb Code     2  stm32f10x_it.o(.text)
    EXTI0_IRQHandler                         0x08000275   Thumb Code     2  stm32f10x_it.o(.text)
    RTC_IRQHandler                           0x08000277   Thumb Code     2  stm32f10x_it.o(.text)
    SystemInit                               0x0800044f   Thumb Code    78  system_stm32f10x.o(.text)
    SystemCoreClockUpdate                    0x0800049d   Thumb Code   142  system_stm32f10x.o(.text)
    Reset_Handler                            0x08000551   Thumb Code     8  startup_stm32f10x_md.o(.text)
    PendSV_Handler                           0x08000567   Thumb Code     2  startup_stm32f10x_md.o(.text)
    ADC1_2_IRQHandler                        0x0800056b   Thumb Code     0  startup_stm32f10x_md.o(.text)
    CAN1_RX1_IRQHandler                      0x0800056b   Thumb Code     0  startup_stm32f10x_md.o(.text)
    CAN1_SCE_IRQHandler                      0x0800056b   Thumb Code     0  startup_stm32f10x_md.o(.text)
    DMA1_Channel1_IRQHandler                 0x0800056b   Thumb Code     0  startup_stm32f10x_md.o(.text)
    DMA1_Channel2_IRQHandler                 0x0800056b   Thumb Code     0  startup_stm32f10x_md.o(.text)
    DMA1_Channel3_IRQHandler                 0x0800056b   Thumb Code     0  startup_stm32f10x_md.o(.text)
    DMA1_Channel4_IRQHandler                 0x0800056b   Thumb Code     0  startup_stm32f10x_md.o(.text)
    DMA1_Channel5_IRQHandler                 0x0800056b   Thumb Code     0  startup_stm32f10x_md.o(.text)
    DMA1_Channel6_IRQHandler                 0x0800056b   Thumb Code     0  startup_stm32f10x_md.o(.text)
    DMA1_Channel7_IRQHandler                 0x0800056b   Thumb Code     0  startup_stm32f10x_md.o(.text)
    EXTI15_10_IRQHandler                     0x0800056b   Thumb Code     0  startup_stm32f10x_md.o(.text)
    EXTI2_IRQHandler                         0x0800056b   Thumb Code     0  startup_stm32f10x_md.o(.text)
    EXTI3_IRQHandler                         0x0800056b   Thumb Code     0  startup_stm32f10x_md.o(.text)
    EXTI4_IRQHandler                         0x0800056b   Thumb Code     0  startup_stm32f10x_md.o(.text)
    EXTI9_5_IRQHandler                       0x0800056b   Thumb Code     0  startup_stm32f10x_md.o(.text)
    FLASH_IRQHandler                         0x0800056b   Thumb Code     0  startup_stm32f10x_md.o(.text)
    I2C1_ER_IRQHandler                       0x0800056b   Thumb Code     0  startup_stm32f10x_md.o(.text)
    I2C1_EV_IRQHandler                       0x0800056b   Thumb Code     0  startup_stm32f10x_md.o(.text)
    I2C2_ER_IRQHandler                       0x0800056b   Thumb Code     0  startup_stm32f10x_md.o(.text)
    I2C2_EV_IRQHandler                       0x0800056b   Thumb Code     0  startup_stm32f10x_md.o(.text)
    PVD_IRQHandler                           0x0800056b   Thumb Code     0  startup_stm32f10x_md.o(.text)
    RCC_IRQHandler                           0x0800056b   Thumb Code     0  startup_stm32f10x_md.o(.text)
    RTCAlarm_IRQHandler                      0x0800056b   Thumb Code     0  startup_stm32f10x_md.o(.text)
    SPI1_IRQHandler                          0x0800056b   Thumb Code     0  startup_stm32f10x_md.o(.text)
    SPI2_IRQHandler                          0x0800056b   Thumb Code     0  startup_stm32f10x_md.o(.text)
    TAMPER_IRQHandler                        0x0800056b   Thumb Code     0  startup_stm32f10x_md.o(.text)
    TIM1_BRK_IRQHandler                      0x0800056b   Thumb Code     0  startup_stm32f10x_md.o(.text)
    TIM1_CC_IRQHandler                       0x0800056b   Thumb Code     0  startup_stm32f10x_md.o(.text)
    TIM1_TRG_COM_IRQHandler                  0x0800056b   Thumb Code     0  startup_stm32f10x_md.o(.text)
    TIM1_UP_IRQHandler                       0x0800056b   Thumb Code     0  startup_stm32f10x_md.o(.text)
    TIM2_IRQHandler                          0x0800056b   Thumb Code     0  startup_stm32f10x_md.o(.text)
    TIM3_IRQHandler                          0x0800056b   Thumb Code     0  startup_stm32f10x_md.o(.text)
    TIM4_IRQHandler                          0x0800056b   Thumb Code     0  startup_stm32f10x_md.o(.text)
    USART3_IRQHandler                        0x0800056b   Thumb Code     0  startup_stm32f10x_md.o(.text)
    USBWakeUp_IRQHandler                     0x0800056b   Thumb Code     0  startup_stm32f10x_md.o(.text)
    USB_HP_CAN1_TX_IRQHandler                0x0800056b   Thumb Code     0  startup_stm32f10x_md.o(.text)
    USB_LP_CAN1_RX0_IRQHandler               0x0800056b   Thumb Code     0  startup_stm32f10x_md.o(.text)
    WWDG_IRQHandler                          0x0800056b   Thumb Code     0  startup_stm32f10x_md.o(.text)
    __user_initial_stackheap                 0x0800056d   Thumb Code     0  startup_stm32f10x_md.o(.text)
    NVIC_PriorityGroupConfig                 0x08000591   Thumb Code    10  misc.o(.text)
    NVIC_Init                                0x0800059b   Thumb Code   100  misc.o(.text)
    NVIC_SetVectorTable                      0x080005ff   Thumb Code    14  misc.o(.text)
    NVIC_SystemLPConfig                      0x0800060d   Thumb Code    34  misc.o(.text)
    SysTick_CLKSourceConfig                  0x0800062f   Thumb Code    40  misc.o(.text)
    GPIO_DeInit                              0x0800066d   Thumb Code   172  stm32f10x_gpio.o(.text)
    GPIO_AFIODeInit                          0x08000719   Thumb Code    20  stm32f10x_gpio.o(.text)
    GPIO_Init                                0x0800072d   Thumb Code   278  stm32f10x_gpio.o(.text)
    GPIO_StructInit                          0x08000843   Thumb Code    16  stm32f10x_gpio.o(.text)
    GPIO_ReadInputDataBit                    0x08000853   Thumb Code    18  stm32f10x_gpio.o(.text)
    GPIO_ReadInputData                       0x08000865   Thumb Code     8  stm32f10x_gpio.o(.text)
    GPIO_ReadOutputDataBit                   0x0800086d   Thumb Code    18  stm32f10x_gpio.o(.text)
    GPIO_ReadOutputData                      0x0800087f   Thumb Code     8  stm32f10x_gpio.o(.text)
    GPIO_SetBits                             0x08000887   Thumb Code     4  stm32f10x_gpio.o(.text)
    GPIO_ResetBits                           0x0800088b   Thumb Code     4  stm32f10x_gpio.o(.text)
    GPIO_WriteBit                            0x0800088f   Thumb Code    10  stm32f10x_gpio.o(.text)
    GPIO_Write                               0x08000899   Thumb Code     4  stm32f10x_gpio.o(.text)
    GPIO_PinLockConfig                       0x0800089d   Thumb Code    18  stm32f10x_gpio.o(.text)
    GPIO_EventOutputConfig                   0x080008af   Thumb Code    26  stm32f10x_gpio.o(.text)
    GPIO_EventOutputCmd                      0x080008c9   Thumb Code     6  stm32f10x_gpio.o(.text)
    GPIO_PinRemapConfig                      0x080008cf   Thumb Code   138  stm32f10x_gpio.o(.text)
    GPIO_EXTILineConfig                      0x08000959   Thumb Code    66  stm32f10x_gpio.o(.text)
    GPIO_ETH_MediaInterfaceConfig            0x0800099b   Thumb Code     8  stm32f10x_gpio.o(.text)
    RCC_DeInit                               0x080009c9   Thumb Code    64  stm32f10x_rcc.o(.text)
    RCC_HSEConfig                            0x08000a09   Thumb Code    70  stm32f10x_rcc.o(.text)
    RCC_GetFlagStatus                        0x08000a4f   Thumb Code    56  stm32f10x_rcc.o(.text)
    RCC_WaitForHSEStartUp                    0x08000a87   Thumb Code    56  stm32f10x_rcc.o(.text)
    RCC_AdjustHSICalibrationValue            0x08000abf   Thumb Code    20  stm32f10x_rcc.o(.text)
    RCC_HSICmd                               0x08000ad3   Thumb Code     6  stm32f10x_rcc.o(.text)
    RCC_PLLConfig                            0x08000ad9   Thumb Code    24  stm32f10x_rcc.o(.text)
    RCC_PLLCmd                               0x08000af1   Thumb Code     6  stm32f10x_rcc.o(.text)
    RCC_SYSCLKConfig                         0x08000af7   Thumb Code    18  stm32f10x_rcc.o(.text)
    RCC_GetSYSCLKSource                      0x08000b09   Thumb Code    10  stm32f10x_rcc.o(.text)
    RCC_HCLKConfig                           0x08000b13   Thumb Code    18  stm32f10x_rcc.o(.text)
    RCC_PCLK1Config                          0x08000b25   Thumb Code    18  stm32f10x_rcc.o(.text)
    RCC_PCLK2Config                          0x08000b37   Thumb Code    20  stm32f10x_rcc.o(.text)
    RCC_ITConfig                             0x08000b4b   Thumb Code    26  stm32f10x_rcc.o(.text)
    RCC_USBCLKConfig                         0x08000b65   Thumb Code     8  stm32f10x_rcc.o(.text)
    RCC_ADCCLKConfig                         0x08000b6d   Thumb Code    18  stm32f10x_rcc.o(.text)
    RCC_LSEConfig                            0x08000b7f   Thumb Code    50  stm32f10x_rcc.o(.text)
    RCC_LSICmd                               0x08000bb1   Thumb Code     6  stm32f10x_rcc.o(.text)
    RCC_RTCCLKConfig                         0x08000bb7   Thumb Code    12  stm32f10x_rcc.o(.text)
    RCC_RTCCLKCmd                            0x08000bc3   Thumb Code     8  stm32f10x_rcc.o(.text)
    RCC_GetClocksFreq                        0x08000bcb   Thumb Code   192  stm32f10x_rcc.o(.text)
    RCC_AHBPeriphClockCmd                    0x08000c8b   Thumb Code    26  stm32f10x_rcc.o(.text)
    RCC_APB2PeriphClockCmd                   0x08000ca5   Thumb Code    26  stm32f10x_rcc.o(.text)
    RCC_APB1PeriphClockCmd                   0x08000cbf   Thumb Code    26  stm32f10x_rcc.o(.text)
    RCC_APB2PeriphResetCmd                   0x08000cd9   Thumb Code    26  stm32f10x_rcc.o(.text)
    RCC_APB1PeriphResetCmd                   0x08000cf3   Thumb Code    26  stm32f10x_rcc.o(.text)
    RCC_BackupResetCmd                       0x08000d0d   Thumb Code     8  stm32f10x_rcc.o(.text)
    RCC_ClockSecuritySystemCmd               0x08000d15   Thumb Code     6  stm32f10x_rcc.o(.text)
    RCC_MCOConfig                            0x08000d1b   Thumb Code     6  stm32f10x_rcc.o(.text)
    RCC_ClearFlag                            0x08000d21   Thumb Code    14  stm32f10x_rcc.o(.text)
    RCC_GetITStatus                          0x08000d2f   Thumb Code    20  stm32f10x_rcc.o(.text)
    RCC_ClearITPendingBit                    0x08000d43   Thumb Code     6  stm32f10x_rcc.o(.text)
    USART_DeInit                             0x08000d6d   Thumb Code   134  stm32f10x_usart.o(.text)
    USART_Init                               0x08000df3   Thumb Code   210  stm32f10x_usart.o(.text)
    USART_StructInit                         0x08000ec5   Thumb Code    24  stm32f10x_usart.o(.text)
    USART_ClockInit                          0x08000edd   Thumb Code    34  stm32f10x_usart.o(.text)
    USART_ClockStructInit                    0x08000eff   Thumb Code    12  stm32f10x_usart.o(.text)
    USART_Cmd                                0x08000f0b   Thumb Code    24  stm32f10x_usart.o(.text)
    USART_ITConfig                           0x08000f23   Thumb Code    74  stm32f10x_usart.o(.text)
    USART_DMACmd                             0x08000f6d   Thumb Code    18  stm32f10x_usart.o(.text)
    USART_SetAddress                         0x08000f7f   Thumb Code    18  stm32f10x_usart.o(.text)
    USART_WakeUpConfig                       0x08000f91   Thumb Code    18  stm32f10x_usart.o(.text)
    USART_ReceiverWakeUpCmd                  0x08000fa3   Thumb Code    24  stm32f10x_usart.o(.text)
    USART_LINBreakDetectLengthConfig         0x08000fbb   Thumb Code    18  stm32f10x_usart.o(.text)
    USART_LINCmd                             0x08000fcd   Thumb Code    24  stm32f10x_usart.o(.text)
    USART_SendData                           0x08000fe5   Thumb Code     8  stm32f10x_usart.o(.text)
    USART_ReceiveData                        0x08000fed   Thumb Code    10  stm32f10x_usart.o(.text)
    USART_SendBreak                          0x08000ff7   Thumb Code    10  stm32f10x_usart.o(.text)
    USART_SetGuardTime                       0x08001001   Thumb Code    16  stm32f10x_usart.o(.text)
    USART_SetPrescaler                       0x08001011   Thumb Code    16  stm32f10x_usart.o(.text)
    USART_SmartCardCmd                       0x08001021   Thumb Code    24  stm32f10x_usart.o(.text)
    USART_SmartCardNACKCmd                   0x08001039   Thumb Code    24  stm32f10x_usart.o(.text)
    USART_HalfDuplexCmd                      0x08001051   Thumb Code    24  stm32f10x_usart.o(.text)
    USART_OverSampling8Cmd                   0x08001069   Thumb Code    22  stm32f10x_usart.o(.text)
    USART_OneBitMethodCmd                    0x0800107f   Thumb Code    24  stm32f10x_usart.o(.text)
    USART_IrDAConfig                         0x08001097   Thumb Code    18  stm32f10x_usart.o(.text)
    USART_IrDACmd                            0x080010a9   Thumb Code    24  stm32f10x_usart.o(.text)
    USART_GetFlagStatus                      0x080010c1   Thumb Code    26  stm32f10x_usart.o(.text)
    USART_ClearFlag                          0x080010db   Thumb Code    18  stm32f10x_usart.o(.text)
    USART_GetITStatus                        0x080010ed   Thumb Code    84  stm32f10x_usart.o(.text)
    USART_ClearITPendingBit                  0x08001141   Thumb Code    52  stm32f10x_usart.o(.text)
    EXTI_DeInit                              0x08001175   Thumb Code    28  stm32f10x_exti.o(.text)
    EXTI_Init                                0x08001191   Thumb Code   142  stm32f10x_exti.o(.text)
    EXTI_StructInit                          0x0800121f   Thumb Code    16  stm32f10x_exti.o(.text)
    EXTI_GenerateSWInterrupt                 0x0800122f   Thumb Code    16  stm32f10x_exti.o(.text)
    EXTI_GetFlagStatus                       0x0800123f   Thumb Code    22  stm32f10x_exti.o(.text)
    EXTI_ClearFlag                           0x08001255   Thumb Code     8  stm32f10x_exti.o(.text)
    EXTI_GetITStatus                         0x0800125d   Thumb Code    34  stm32f10x_exti.o(.text)
    EXTI_ClearITPendingBit                   0x0800127f   Thumb Code     8  stm32f10x_exti.o(.text)
    Delay_Init                               0x08001291   Thumb Code    48  delay.o(.text)
    DelayUs                                  0x080012c1   Thumb Code    60  delay.o(.text)
    DelayXms                                 0x080012fd   Thumb Code    66  delay.o(.text)
    DelayMs                                  0x0800133f   Thumb Code    60  delay.o(.text)
    Usart1_Init                              0x08001385   Thumb Code   166  usart.o(.text)
    Usart2_Init                              0x0800142b   Thumb Code   162  usart.o(.text)
    Usart_SendString                         0x080014cd   Thumb Code    50  usart.o(.text)
    UsartPrintf                              0x080014ff   Thumb Code    72  usart.o(.text)
    USART1_IRQHandler                        0x08001547   Thumb Code    24  usart.o(.text)
    Led_Set                                  0x0800156d   Thumb Code    24  led.o(.text)
    Led_Init                                 0x08001585   Thumb Code    44  led.o(.text)
    key_Init                                 0x080015b9   Thumb Code   110  key.o(.text)
    EXTI1_IRQHandler                         0x08001627   Thumb Code    48  key.o(.text)
    DHT11_GPIO_Config                        0x08001661   Thumb Code    46  dht11.o(.text)
    DHT11_Mode_In                            0x0800168f   Thumb Code    24  dht11.o(.text)
    DHT11_Mode_Out                           0x080016a7   Thumb Code    30  dht11.o(.text)
    DHT11_Restart                            0x080016c5   Thumb Code    36  dht11.o(.text)
    DHT11_Answer_Check                       0x080016e9   Thumb Code    82  dht11.o(.text)
    DHT11_Read_Bit                           0x0800173b   Thumb Code    80  dht11.o(.text)
    DHT11_Read_Byte                          0x0800178b   Thumb Code    34  dht11.o(.text)
    DHT11_Init                               0x080017ad   Thumb Code    16  dht11.o(.text)
    DHT11_Read_Data                          0x080017bd   Thumb Code   100  dht11.o(.text)
    Hardware_Init                            0x08001825   Thumb Code    64  main.o(.text)
    main                                     0x08001865   Thumb Code   482  main.o(.text)
    OneNET_RegisterDevice                    0x08001d57   Thumb Code   216  onenet.o(.text)
    OneNet_DevLink                           0x08001e2f   Thumb Code   242  onenet.o(.text)
    OneNet_FillBuf                           0x08001f21   Thumb Code   892  onenet.o(.text)
    OneNet_SendData                          0x0800229d   Thumb Code   134  onenet.o(.text)
    OneNET_Publish                           0x08002323   Thumb Code    86  onenet.o(.text)
    OneNET_Subscribe                         0x08002379   Thumb Code    86  onenet.o(.text)
    OneNet_RevPro                            0x080023cf   Thumb Code   318  onenet.o(.text)
    ft                                       0x0800265d   Thumb Code    76  hmac_sha1.o(.text)
    k                                        0x080026a9   Thumb Code    34  hmac_sha1.o(.text)
    rotr                                     0x080026cb   Thumb Code    40  hmac_sha1.o(.text)
    rotl                                     0x080026f3   Thumb Code    46  hmac_sha1.o(.text)
    sha1                                     0x08002721   Thumb Code   632  hmac_sha1.o(.text)
    hmac_sha1                                0x08002999   Thumb Code   330  hmac_sha1.o(.text)
    BASE64_Encode                            0x08002ae5   Thumb Code   320  base64.o(.text)
    BASE64_Decode                            0x08002c25   Thumb Code   360  base64.o(.text)
    MQTT_NewBuffer                           0x08002d95   Thumb Code    88  mqttkit.o(.text)
    MQTT_DeleteBuffer                        0x08002ded   Thumb Code    28  mqttkit.o(.text)
    MQTT_DumpLength                          0x08002e09   Thumb Code    46  mqttkit.o(.text)
    MQTT_ReadLength                          0x08002e37   Thumb Code    70  mqttkit.o(.text)
    MQTT_UnPacketRecv                        0x08002e7d   Thumb Code   106  mqttkit.o(.text)
    MQTT_PacketConnect                       0x08002ee7   Thumb Code   666  mqttkit.o(.text)
    MQTT_PacketDisConnect                    0x08003181   Thumb Code    48  mqttkit.o(.text)
    MQTT_UnPacketConnectAck                  0x080031b1   Thumb Code    30  mqttkit.o(.text)
    MQTT_PacketPublish                       0x080031cf   Thumb Code   452  mqttkit.o(.text)
    MQTT_PacketSaveData                      0x08003393   Thumb Code    68  mqttkit.o(.text)
    MQTT_PacketSaveBinData                   0x080033d7   Thumb Code   192  mqttkit.o(.text)
    MQTT_UnPacketCmd                         0x08003497   Thumb Code   140  mqttkit.o(.text)
    MQTT_PacketCmdResp                       0x08003523   Thumb Code   132  mqttkit.o(.text)
    MQTT_PacketSubscribe                     0x080035a7   Thumb Code   254  mqttkit.o(.text)
    MQTT_UnPacketSubscribe                   0x080036a5   Thumb Code    52  mqttkit.o(.text)
    MQTT_PacketUnSubscribe                   0x080036d9   Thumb Code   300  mqttkit.o(.text)
    MQTT_UnPacketUnSubscribe                 0x08003805   Thumb Code    18  mqttkit.o(.text)
    MQTT_UnPacketPublish                     0x08003817   Thumb Code   440  mqttkit.o(.text)
    MQTT_PacketPublishAck                    0x080039cf   Thumb Code    72  mqttkit.o(.text)
    MQTT_UnPacketPublishAck                  0x08003a17   Thumb Code    30  mqttkit.o(.text)
    MQTT_PacketPublishRec                    0x08003a35   Thumb Code    72  mqttkit.o(.text)
    MQTT_UnPacketPublishRec                  0x08003a7d   Thumb Code    30  mqttkit.o(.text)
    MQTT_PacketPublishRel                    0x08003a9b   Thumb Code    72  mqttkit.o(.text)
    MQTT_UnPacketPublishRel                  0x08003ae3   Thumb Code    36  mqttkit.o(.text)
    MQTT_PacketPublishComp                   0x08003b07   Thumb Code    72  mqttkit.o(.text)
    MQTT_UnPacketPublishComp                 0x08003b4f   Thumb Code    30  mqttkit.o(.text)
    MQTT_PacketPing                          0x08003b6d   Thumb Code    48  mqttkit.o(.text)
    ESP8266_Clear                            0x08003b9d   Thumb Code    20  esp8266.o(.text)
    ESP8266_WaitRecive                       0x08003bb1   Thumb Code    42  esp8266.o(.text)
    ESP8266_SendCmd                          0x08003bdb   Thumb Code    76  esp8266.o(.text)
    ESP8266_SendData                         0x08003c27   Thumb Code    46  esp8266.o(.text)
    ESP8266_GetIPD                           0x08003c55   Thumb Code    68  esp8266.o(.text)
    ESP8266_Init                             0x08003c99   Thumb Code   232  esp8266.o(.text)
    USART2_IRQHandler                        0x08003d81   Thumb Code    64  esp8266.o(.text)
    cJSON_GetErrorPtr                        0x08003ec9   Thumb Code     6  cjson.o(.text)
    cJSON_InitHooks                          0x08003f43   Thumb Code    48  cjson.o(.text)
    cJSON_Delete                             0x08003f8d   Thumb Code    82  cjson.o(.text)
    cJSON_ParseWithOpts                      0x08004af9   Thumb Code   152  cjson.o(.text)
    cJSON_Parse                              0x08004b91   Thumb Code    16  cjson.o(.text)
    cJSON_Print                              0x08005321   Thumb Code    18  cjson.o(.text)
    cJSON_PrintUnformatted                   0x08005333   Thumb Code    18  cjson.o(.text)
    cJSON_PrintBuffered                      0x08005345   Thumb Code    52  cjson.o(.text)
    cJSON_GetArraySize                       0x08005379   Thumb Code    18  cjson.o(.text)
    cJSON_GetArrayItem                       0x0800538b   Thumb Code    18  cjson.o(.text)
    cJSON_GetObjectItem                      0x0800539d   Thumb Code    30  cjson.o(.text)
    cJSON_AddItemToArray                     0x080053f1   Thumb Code    42  cjson.o(.text)
    cJSON_AddItemToObject                    0x0800541b   Thumb Code    44  cjson.o(.text)
    cJSON_AddItemToObjectCS                  0x08005447   Thumb Code    54  cjson.o(.text)
    cJSON_AddItemReferenceToArray            0x0800547d   Thumb Code    24  cjson.o(.text)
    cJSON_AddItemReferenceToObject           0x08005495   Thumb Code    32  cjson.o(.text)
    cJSON_DetachItemFromArray                0x080054b5   Thumb Code    66  cjson.o(.text)
    cJSON_DeleteItemFromArray                0x080054f7   Thumb Code    22  cjson.o(.text)
    cJSON_DetachItemFromObject               0x0800550d   Thumb Code    50  cjson.o(.text)
    cJSON_DeleteItemFromObject               0x0800553f   Thumb Code    22  cjson.o(.text)
    cJSON_InsertItemInArray                  0x08005555   Thumb Code    64  cjson.o(.text)
    cJSON_ReplaceItemInArray                 0x08005595   Thumb Code    76  cjson.o(.text)
    cJSON_ReplaceItemInObject                0x080055e1   Thumb Code    62  cjson.o(.text)
    cJSON_CreateNull                         0x0800561f   Thumb Code    18  cjson.o(.text)
    cJSON_CreateTrue                         0x08005631   Thumb Code    18  cjson.o(.text)
    cJSON_CreateFalse                        0x08005643   Thumb Code    18  cjson.o(.text)
    cJSON_CreateBool                         0x08005655   Thumb Code    26  cjson.o(.text)
    cJSON_CreateNumber                       0x0800566f   Thumb Code    36  cjson.o(.text)
    cJSON_CreateString                       0x08005693   Thumb Code    28  cjson.o(.text)
    cJSON_CreateArray                        0x080056af   Thumb Code    18  cjson.o(.text)
    cJSON_CreateObject                       0x080056c1   Thumb Code    18  cjson.o(.text)
    cJSON_CreateIntArray                     0x080056d3   Thumb Code    68  cjson.o(.text)
    cJSON_CreateFloatArray                   0x08005717   Thumb Code    68  cjson.o(.text)
    cJSON_CreateDoubleArray                  0x0800575b   Thumb Code    68  cjson.o(.text)
    cJSON_CreateStringArray                  0x0800579f   Thumb Code    62  cjson.o(.text)
    cJSON_Duplicate                          0x080057dd   Thumb Code   178  cjson.o(.text)
    cJSON_Minify                             0x0800588f   Thumb Code   186  cjson.o(.text)
    IIC_delay                                0x08005949   Thumb Code    16  oled.o(.text)
    I2C_Stop                                 0x08005959   Thumb Code    32  oled.o(.text)
    I2C_WaitAck                              0x08005979   Thumb Code    40  oled.o(.text)
    Send_Byte                                0x080059a1   Thumb Code    70  oled.o(.text)
    I2C_Start                                0x080059e7   Thumb Code    48  oled.o(.text)
    OLED_WR_Byte                             0x08005a17   Thumb Code    56  oled.o(.text)
    OLED_ColorTurn                           0x08005a4f   Thumb Code    28  oled.o(.text)
    OLED_DisplayTurn                         0x08005a6b   Thumb Code    44  oled.o(.text)
    OLED_DisPlay_On                          0x08005a97   Thumb Code    28  oled.o(.text)
    OLED_DisPlay_Off                         0x08005ab3   Thumb Code    28  oled.o(.text)
    OLED_Refresh                             0x08005acf   Thumb Code   100  oled.o(.text)
    OLED_Clear                               0x08005b33   Thumb Code    42  oled.o(.text)
    OLED_DrawPoint                           0x08005b5d   Thumb Code   114  oled.o(.text)
    OLED_DrawLine                            0x08005bcf   Thumb Code   172  oled.o(.text)
    OLED_DrawCircle                          0x08005c7b   Thumb Code   168  oled.o(.text)
    OLED_ShowChar                            0x08005d23   Thumb Code   310  oled.o(.text)
    OLED_ShowString                          0x08005e59   Thumb Code    74  oled.o(.text)
    OLED_Pow                                 0x08005ea3   Thumb Code    22  oled.o(.text)
    OLED_ShowNum                             0x08005eb9   Thumb Code   140  oled.o(.text)
    OLED_ShowChinese                         0x08005f45   Thumb Code   244  oled.o(.text)
    OLED_ScrollDisplay                       0x08006039   Thumb Code   168  oled.o(.text)
    OLED_ShowPicture                         0x080060e1   Thumb Code   252  oled.o(.text)
    OLED_Init                                0x080061dd   Thumb Code   314  oled.o(.text)
    malloc                                   0x08006321   Thumb Code    94  h1_alloc.o(.text)
    free                                     0x0800637f   Thumb Code    78  h1_free.o(.text)
    tolower                                  0x080063cd   Thumb Code    26  tolower.o(.text)
    vsnprintf                                0x080063e9   Thumb Code    48  vsnprintf.o(.text)
    __2sprintf                               0x0800641d   Thumb Code    38  __2sprintf.o(.text)
    __2snprintf                              0x08006449   Thumb Code    50  __2snprintf.o(.text)
    _printf_pre_padding                      0x08006481   Thumb Code    44  _printf_pad.o(.text)
    _printf_post_padding                     0x080064ad   Thumb Code    34  _printf_pad.o(.text)
    _printf_str                              0x080064cf   Thumb Code    82  _printf_str.o(.text)
    _printf_int_dec                          0x08006521   Thumb Code   104  _printf_dec.o(.text)
    _printf_longlong_hex                     0x08006599   Thumb Code    86  _printf_hex_int_ll_ptr.o(.text)
    _printf_int_hex                          0x080065ef   Thumb Code    28  _printf_hex_int_ll_ptr.o(.text)
    _printf_ll_hex                           0x0800660b   Thumb Code    12  _printf_hex_int_ll_ptr.o(.text)
    _printf_hex_ptr                          0x08006617   Thumb Code    18  _printf_hex_int_ll_ptr.o(.text)
    __printf                                 0x0800662d   Thumb Code   388  __printf_flags_ss_wp.o(.text)
    __0sscanf                                0x080067b5   Thumb Code    52  __0sscanf.o(.text)
    _scanf_int                               0x080067f1   Thumb Code   332  _scanf_int.o(.text)
    _scanf_string                            0x0800693d   Thumb Code   224  _scanf_str.o(.text)
    atoi                                     0x08006a1d   Thumb Code    26  atoi.o(.text)
    strchr                                   0x08006a37   Thumb Code    20  strchr.o(.text)
    strncat                                  0x08006a4b   Thumb Code    36  strncat.o(.text)
    strstr                                   0x08006a6f   Thumb Code    36  strstr.o(.text)
    strcpy                                   0x08006a93   Thumb Code    72  strcpy.o(.text)
    strlen                                   0x08006adb   Thumb Code    62  strlen.o(.text)
    strncmp                                  0x08006b19   Thumb Code   150  strncmp.o(.text)
    strcat                                   0x08006baf   Thumb Code    24  strcat.o(.text)
    __aeabi_memcpy                           0x08006bc7   Thumb Code     0  rt_memcpy_v6.o(.text)
    __rt_memcpy                              0x08006bc7   Thumb Code   138  rt_memcpy_v6.o(.text)
    _memcpy_lastbytes                        0x08006c2d   Thumb Code     0  rt_memcpy_v6.o(.text)
    __aeabi_memcpy4                          0x08006c51   Thumb Code     0  rt_memcpy_w.o(.text)
    __aeabi_memcpy8                          0x08006c51   Thumb Code     0  rt_memcpy_w.o(.text)
    __rt_memcpy_w                            0x08006c51   Thumb Code   100  rt_memcpy_w.o(.text)
    _memcpy_lastbytes_aligned                0x08006c99   Thumb Code     0  rt_memcpy_w.o(.text)
    __aeabi_memclr                           0x08006cb5   Thumb Code     0  rt_memclr.o(.text)
    __rt_memclr                              0x08006cb5   Thumb Code    68  rt_memclr.o(.text)
    _memset                                  0x08006cb9   Thumb Code     0  rt_memclr.o(.text)
    __aeabi_memclr4                          0x08006cf9   Thumb Code     0  rt_memclr_w.o(.text)
    __aeabi_memclr8                          0x08006cf9   Thumb Code     0  rt_memclr_w.o(.text)
    __rt_memclr_w                            0x08006cf9   Thumb Code    78  rt_memclr_w.o(.text)
    _memset_w                                0x08006cfd   Thumb Code     0  rt_memclr_w.o(.text)
    __use_two_region_memory                  0x08006d47   Thumb Code     2  heapauxi.o(.text)
    __rt_heap_escrow                         0x08006d49   Thumb Code     2  heapauxi.o(.text)
    __rt_heap_expand                         0x08006d4b   Thumb Code     2  heapauxi.o(.text)
    __rt_ctype_table                         0x08006d4d   Thumb Code    16  rt_ctype_table.o(.text)
    __rt_heap_descriptor                     0x08006d5d   Thumb Code     8  rt_heap_descriptor_intlibspace.o(.text)
    __aeabi_errno_addr                       0x08006d65   Thumb Code     8  rt_errno_addr_intlibspace.o(.text)
    __errno$intlibspace                      0x08006d65   Thumb Code     0  rt_errno_addr_intlibspace.o(.text)
    __rt_errno_addr$intlibspace              0x08006d65   Thumb Code     0  rt_errno_addr_intlibspace.o(.text)
    __use_no_heap                            0x08006d6d   Thumb Code     2  hguard.o(.text)
    __heap$guard                             0x08006d6f   Thumb Code     2  hguard.o(.text)
    _terminate_user_alloc                    0x08006d71   Thumb Code     2  init_alloc.o(.text)
    _init_user_alloc                         0x08006d73   Thumb Code     2  init_alloc.o(.text)
    __Heap_Full                              0x08006d75   Thumb Code    34  init_alloc.o(.text)
    __Heap_Broken                            0x08006d97   Thumb Code     6  init_alloc.o(.text)
    _init_alloc                              0x08006d9d   Thumb Code    94  init_alloc.o(.text)
    __Heap_Initialize                        0x08006dfb   Thumb Code    10  h1_init.o(.text)
    __Heap_DescSize                          0x08006e05   Thumb Code     4  h1_init.o(.text)
    __read_errno                             0x08006e09   Thumb Code    10  _rserrno.o(.text)
    __set_errno                              0x08006e13   Thumb Code    12  _rserrno.o(.text)
    _printf_truncate_signed                  0x08006e1f   Thumb Code    18  _printf_truncate.o(.text)
    _printf_truncate_unsigned                0x08006e31   Thumb Code    18  _printf_truncate.o(.text)
    _printf_int_common                       0x08006e43   Thumb Code   178  _printf_intcommon.o(.text)
    _printf_charcount                        0x08006ef5   Thumb Code    40  _printf_charcount.o(.text)
    __lib_sel_fp_printf                      0x08006f1d   Thumb Code     2  _printf_fp_dec.o(.text)
    _printf_fp_dec_real                      0x080070cf   Thumb Code   620  _printf_fp_dec.o(.text)
    _printf_char_common                      0x08007347   Thumb Code    32  _printf_char_common.o(.text)
    _sputc                                   0x0800736d   Thumb Code    10  _sputc.o(.text)
    _snputc                                  0x08007377   Thumb Code    16  _snputc.o(.text)
    _printf_cs_common                        0x08007387   Thumb Code    20  _printf_char.o(.text)
    _printf_char                             0x0800739b   Thumb Code    16  _printf_char.o(.text)
    _printf_string                           0x080073ab   Thumb Code     8  _printf_char.o(.text)
    _printf_wctomb                           0x080073b5   Thumb Code   182  _printf_wctomb.o(.text)
    _printf_longlong_dec                     0x08007471   Thumb Code   108  _printf_longlong_dec.o(.text)
    _printf_longlong_oct                     0x080074ed   Thumb Code    66  _printf_oct_int_ll.o(.text)
    _printf_int_oct                          0x0800752f   Thumb Code    24  _printf_oct_int_ll.o(.text)
    _printf_ll_oct                           0x08007547   Thumb Code    12  _printf_oct_int_ll.o(.text)
    _chval                                   0x0800755d   Thumb Code    28  _chval.o(.text)
    __vfscanf_char                           0x08007585   Thumb Code    24  scanf_char.o(.text)
    _sgetc                                   0x080075a5   Thumb Code    30  _sgetc.o(.text)
    _sbackspace                              0x080075c3   Thumb Code    34  _sgetc.o(.text)
    strtol                                   0x080075e5   Thumb Code   112  strtol.o(.text)
    __user_libspace                          0x08007655   Thumb Code     8  libspace.o(.text)
    __user_perproc_libspace                  0x08007655   Thumb Code     0  libspace.o(.text)
    __user_perthread_libspace                0x08007655   Thumb Code     0  libspace.o(.text)
    __rt_locale                              0x0800765d   Thumb Code     8  rt_locale_intlibspace.o(.text)
    __Heap_ProvideMemory                     0x08007665   Thumb Code    52  h1_extend.o(.text)
    _ll_udiv10                               0x08007699   Thumb Code   138  lludiv10.o(.text)
    isspace                                  0x08007723   Thumb Code    18  isspace.o(.text)
    _printf_fp_hex_real                      0x08007735   Thumb Code   756  _printf_fp_hex.o(.text)
    _printf_fp_infnan                        0x08007a31   Thumb Code   112  _printf_fp_infnan.o(.text)
    _printf_lcs_common                       0x08007ab1   Thumb Code    20  _printf_wchar.o(.text)
    _printf_wchar                            0x08007ac5   Thumb Code    16  _printf_wchar.o(.text)
    _printf_wstring                          0x08007ad5   Thumb Code     8  _printf_wchar.o(.text)
    __vfscanf                                0x08007add   Thumb Code   878  _scanf.o(.text)
    _strtoul                                 0x08007e51   Thumb Code   158  _strtoul.o(.text)
    _btod_etento                             0x08007ef1   Thumb Code   224  bigflt0.o(.text)
    _wcrtomb                                 0x08007fd5   Thumb Code    64  _wcrtomb.o(.text)
    __rt_SIGRTMEM                            0x08008015   Thumb Code    14  defsig_rtmem_outer.o(.text)
    __I$use$semihosting                      0x08008023   Thumb Code     0  use_no_semi.o(.text)
    __use_no_semihosting_swi                 0x08008023   Thumb Code     2  use_no_semi.o(.text)
    __semihosting_library_function           0x08008025   Thumb Code     0  indicate_semi.o(.text)
    __user_setup_stackheap                   0x08008025   Thumb Code    74  sys_stackheap_outer.o(.text)
    exit                                     0x0800806f   Thumb Code    18  exit.o(.text)
    __sig_exit                               0x08008081   Thumb Code    10  defsig_exit.o(.text)
    __rt_SIGRTMEM_inner                      0x0800808d   Thumb Code    22  defsig_rtmem_inner.o(.text)
    strcmp                                   0x080080dd   Thumb Code   128  strcmpv7m.o(.text)
    _sys_exit                                0x0800815d   Thumb Code     8  sys_exit.o(.text)
    __default_signal_display                 0x08008169   Thumb Code    50  defsig_general.o(.text)
    _ttywrch                                 0x0800819b   Thumb Code    14  sys_wrch.o(.text)
    _btod_d2e                                0x080081a9   Thumb Code    62  btod.o(CL$$btod_d2e)
    _d2e_denorm_low                          0x080081e7   Thumb Code    70  btod.o(CL$$btod_d2e_denorm_low)
    _d2e_norm_op1                            0x0800822d   Thumb Code    96  btod.o(CL$$btod_d2e_norm_op1)
    __btod_div_common                        0x0800828d   Thumb Code   696  btod.o(CL$$btod_div_common)
    _e2e                                     0x080085c5   Thumb Code   220  btod.o(CL$$btod_e2e)
    _btod_ediv                               0x080086a1   Thumb Code    42  btod.o(CL$$btod_ediv)
    _btod_emul                               0x080086cb   Thumb Code    42  btod.o(CL$$btod_emul)
    __btod_mult_common                       0x080086f5   Thumb Code   580  btod.o(CL$$btod_mult_common)
    __ARM_fpclassify                         0x08008939   Thumb Code    40  fpclassify.o(i.__ARM_fpclassify)
    __kernel_poly                            0x08008961   Thumb Code   170  poly.o(i.__kernel_poly)
    __mathlib_dbl_divzero                    0x08008a0d   Thumb Code    12  dunder.o(i.__mathlib_dbl_divzero)
    __mathlib_dbl_infnan2                    0x08008a1d   Thumb Code     4  dunder.o(i.__mathlib_dbl_infnan2)
    __mathlib_dbl_invalid                    0x08008a21   Thumb Code    12  dunder.o(i.__mathlib_dbl_invalid)
    __mathlib_dbl_overflow                   0x08008a2d   Thumb Code    14  dunder.o(i.__mathlib_dbl_overflow)
    __mathlib_dbl_underflow                  0x08008a3d   Thumb Code    10  dunder.o(i.__mathlib_dbl_underflow)
    _is_digit                                0x08008a4d   Thumb Code    14  __printf_wp.o(i._is_digit)
    floor                                    0x08008a5d   Thumb Code   204  floor.o(i.floor)
    pow                                      0x08008b39   Thumb Code  2512  pow.o(i.pow)
    sqrt                                     0x08009511   Thumb Code    76  sqrt.o(i.sqrt)
    _get_lc_ctype                            0x0800955d   Thumb Code    44  lc_ctype_c.o(locale$$code)
    _get_lc_numeric                          0x08009589   Thumb Code    44  lc_numeric_c.o(locale$$code)
    __aeabi_dadd                             0x080095b5   Thumb Code     0  daddsub_clz.o(x$fpl$dadd)
    _dadd                                    0x080095b5   Thumb Code   332  daddsub_clz.o(x$fpl$dadd)
    __fpl_dcheck_NaN1                        0x08009705   Thumb Code    10  dcheck1.o(x$fpl$dcheck1)
    __fpl_dcmp_Inf                           0x08009715   Thumb Code    24  dcmpi.o(x$fpl$dcmpinf)
    __aeabi_ddiv                             0x0800972d   Thumb Code     0  ddiv.o(x$fpl$ddiv)
    _ddiv                                    0x0800972d   Thumb Code   552  ddiv.o(x$fpl$ddiv)
    __aeabi_cdcmpeq                          0x080099dd   Thumb Code     0  deqf.o(x$fpl$deqf)
    _dcmpeq                                  0x080099dd   Thumb Code   120  deqf.o(x$fpl$deqf)
    __aeabi_d2iz                             0x08009a55   Thumb Code     0  dfix.o(x$fpl$dfix)
    _dfix                                    0x08009a55   Thumb Code    94  dfix.o(x$fpl$dfix)
    __aeabi_i2d                              0x08009ab3   Thumb Code     0  dflt_clz.o(x$fpl$dflt)
    _dflt                                    0x08009ab3   Thumb Code    46  dflt_clz.o(x$fpl$dflt)
    __aeabi_cdcmple                          0x08009ae1   Thumb Code     0  dleqf.o(x$fpl$dleqf)
    _dcmple                                  0x08009ae1   Thumb Code   120  dleqf.o(x$fpl$dleqf)
    __fpl_dcmple_InfNaN                      0x08009b43   Thumb Code     0  dleqf.o(x$fpl$dleqf)
    __aeabi_dmul                             0x08009b59   Thumb Code     0  dmul.o(x$fpl$dmul)
    _dmul                                    0x08009b59   Thumb Code   332  dmul.o(x$fpl$dmul)
    __fpl_dnaninf                            0x08009cad   Thumb Code   156  dnaninf.o(x$fpl$dnaninf)
    __fpl_dretinf                            0x08009d49   Thumb Code    12  dretinf.o(x$fpl$dretinf)
    __aeabi_cdrcmple                         0x08009d55   Thumb Code     0  drleqf.o(x$fpl$drleqf)
    _drcmple                                 0x08009d55   Thumb Code   108  drleqf.o(x$fpl$drleqf)
    __aeabi_drsub                            0x08009dc1   Thumb Code     0  daddsub_clz.o(x$fpl$drsb)
    _drsb                                    0x08009dc1   Thumb Code    22  daddsub_clz.o(x$fpl$drsb)
    _dsqrt                                   0x08009dd9   Thumb Code   456  dsqrt_noumaal.o(x$fpl$dsqrt)
    __aeabi_dsub                             0x08009fa5   Thumb Code     0  daddsub_clz.o(x$fpl$dsub)
    _dsub                                    0x08009fa5   Thumb Code   464  daddsub_clz.o(x$fpl$dsub)
    __aeabi_f2d                              0x0800a179   Thumb Code     0  f2d.o(x$fpl$f2d)
    _f2d                                     0x0800a179   Thumb Code    86  f2d.o(x$fpl$f2d)
    __fpl_fnaninf                            0x0800a1cf   Thumb Code   140  fnaninf.o(x$fpl$fnaninf)
    _printf_fp_dec                           0x0800a25b   Thumb Code     4  printf1.o(x$fpl$printf1)
    _printf_fp_hex                           0x0800a25f   Thumb Code     4  printf2.o(x$fpl$printf2)
    __fpl_return_NaN                         0x0800a263   Thumb Code   100  retnan.o(x$fpl$retnan)
    __ARM_scalbn                             0x0800a2c7   Thumb Code    92  scalbn.o(x$fpl$scalbn)
    __fpl_cmpreturn                          0x0800a323   Thumb Code    48  trapv.o(x$fpl$trapveneer)
    __I$use$fp                               0x0800a352   Number         0  usenofp.o(x$fpl$usenofp)
    asc2_0806                                0x0800a419   Data         552  oled.o(.constdata)
    asc2_1206                                0x0800a641   Data        1140  oled.o(.constdata)
    asc2_1608                                0x0800aab5   Data        1520  oled.o(.constdata)
    asc2_2412                                0x0800b0a5   Data        3420  oled.o(.constdata)
    Hzk1                                     0x0800be01   Data         352  oled.o(.constdata)
    Hzk2                                     0x0800bf61   Data          72  oled.o(.constdata)
    Hzk3                                     0x0800bfa9   Data         128  oled.o(.constdata)
    Hzk4                                     0x0800c029   Data         512  oled.o(.constdata)
    __mathlib_zero                           0x0800c2f8   Data           8  qnan.o(.constdata)
    Region$$Table$$Base                      0x0800c55c   Number         0  anon$$obj.o(Region$$Table)
    Region$$Table$$Limit                     0x0800c57c   Number         0  anon$$obj.o(Region$$Table)
    __ctype                                  0x0800c589   Data           0  lc_ctype_c.o(locale$$data)
    SystemCoreClock                          0x20000000   Data           4  system_stm32f10x.o(.data)
    AHBPrescTable                            0x20000004   Data          16  system_stm32f10x.o(.data)
    UsCount                                  0x20000028   Data           1  delay.o(.data)
    MsCount                                  0x2000002a   Data           2  delay.o(.data)
    led_info                                 0x2000002c   Data           1  led.o(.data)
    temp                                     0x2000002d   Data           1  main.o(.data)
    humi                                     0x2000002e   Data           1  main.o(.data)
    esp8266_cnt                              0x20000032   Data           2  esp8266.o(.data)
    esp8266_cntPre                           0x20000034   Data           2  esp8266.o(.data)
    devid                                    0x20000044   Data          16  onenet.o(.bss)
    key                                      0x20000054   Data          48  onenet.o(.bss)
    esp8266_buf                              0x20000084   Data         512  esp8266.o(.bss)
    OLED_GRAM                                0x20000284   Data        1152  oled.o(.bss)
    __libspace_start                         0x20000704   Data          96  libspace.o(.bss)
    __temporary_stack_top$libspace           0x20000764   Data           0  libspace.o(.bss)



==============================================================================

Memory Map of the image

  Image Entry point : 0x080000ed

  Load Region LR_IROM1 (Base: 0x08000000, Size: 0x0000c6ec, Max: 0x00010000, ABSOLUTE)

    Execution Region ER_IROM1 (Exec base: 0x08000000, Load base: 0x08000000, Size: 0x0000c6a8, Max: 0x00010000, ABSOLUTE)

    Exec Addr    Load Addr    Size         Type   Attr      Idx    E Section Name        Object

    0x08000000   0x08000000   0x000000ec   Data   RO          139    RESET               startup_stm32f10x_md.o
    0x080000ec   0x080000ec   0x00000008   Code   RO          711  * !!!main             c_w.l(__main.o)
    0x080000f4   0x080000f4   0x00000034   Code   RO         1131    !!!scatter          c_w.l(__scatter.o)
    0x08000128   0x08000128   0x0000001a   Code   RO         1133    !!handler_copy      c_w.l(__scatter_copy.o)
    0x08000142   0x08000142   0x00000002   PAD
    0x08000144   0x08000144   0x0000001c   Code   RO         1135    !!handler_zi        c_w.l(__scatter_zi.o)
    0x08000160   0x08000160   0x00000000   Code   RO          678    .ARM.Collect$$_printf_percent$$00000000  c_w.l(_printf_percent.o)
    0x08000160   0x08000160   0x00000006   Code   RO          820    .ARM.Collect$$_printf_percent$$00000001  c_w.l(_printf_n.o)
    0x08000166   0x08000166   0x00000006   Code   RO          821    .ARM.Collect$$_printf_percent$$00000002  c_w.l(_printf_p.o)
    0x0800016c   0x0800016c   0x00000006   Code   RO          676    .ARM.Collect$$_printf_percent$$00000003  c_w.l(_printf_f.o)
    0x08000172   0x08000172   0x00000006   Code   RO          677    .ARM.Collect$$_printf_percent$$00000004  c_w.l(_printf_e.o)
    0x08000178   0x08000178   0x00000006   Code   RO          825    .ARM.Collect$$_printf_percent$$00000005  c_w.l(_printf_g.o)
    0x0800017e   0x0800017e   0x00000006   Code   RO          826    .ARM.Collect$$_printf_percent$$00000006  c_w.l(_printf_a.o)
    0x08000184   0x08000184   0x0000000a   Code   RO          831    .ARM.Collect$$_printf_percent$$00000007  c_w.l(_printf_ll.o)
    0x0800018e   0x0800018e   0x00000006   Code   RO          823    .ARM.Collect$$_printf_percent$$00000008  c_w.l(_printf_i.o)
    0x08000194   0x08000194   0x00000006   Code   RO          675    .ARM.Collect$$_printf_percent$$00000009  c_w.l(_printf_d.o)
    0x0800019a   0x0800019a   0x00000006   Code   RO          824    .ARM.Collect$$_printf_percent$$0000000A  c_w.l(_printf_u.o)
    0x080001a0   0x080001a0   0x00000006   Code   RO          822    .ARM.Collect$$_printf_percent$$0000000B  c_w.l(_printf_o.o)
    0x080001a6   0x080001a6   0x00000006   Code   RO          674    .ARM.Collect$$_printf_percent$$0000000C  c_w.l(_printf_x.o)
    0x080001ac   0x080001ac   0x00000006   Code   RO          828    .ARM.Collect$$_printf_percent$$0000000D  c_w.l(_printf_lli.o)
    0x080001b2   0x080001b2   0x00000006   Code   RO          829    .ARM.Collect$$_printf_percent$$0000000E  c_w.l(_printf_lld.o)
    0x080001b8   0x080001b8   0x00000006   Code   RO          830    .ARM.Collect$$_printf_percent$$0000000F  c_w.l(_printf_llu.o)
    0x080001be   0x080001be   0x00000006   Code   RO          835    .ARM.Collect$$_printf_percent$$00000010  c_w.l(_printf_llo.o)
    0x080001c4   0x080001c4   0x00000006   Code   RO          836    .ARM.Collect$$_printf_percent$$00000011  c_w.l(_printf_llx.o)
    0x080001ca   0x080001ca   0x0000000a   Code   RO          832    .ARM.Collect$$_printf_percent$$00000012  c_w.l(_printf_l.o)
    0x080001d4   0x080001d4   0x00000006   Code   RO          819    .ARM.Collect$$_printf_percent$$00000013  c_w.l(_printf_c.o)
    0x080001da   0x080001da   0x00000006   Code   RO          673    .ARM.Collect$$_printf_percent$$00000014  c_w.l(_printf_s.o)
    0x080001e0   0x080001e0   0x00000006   Code   RO          833    .ARM.Collect$$_printf_percent$$00000015  c_w.l(_printf_lc.o)
    0x080001e6   0x080001e6   0x00000006   Code   RO          834    .ARM.Collect$$_printf_percent$$00000016  c_w.l(_printf_ls.o)
    0x080001ec   0x080001ec   0x00000004   Code   RO          827    .ARM.Collect$$_printf_percent$$00000017  c_w.l(_printf_percent_end.o)
    0x080001f0   0x080001f0   0x00000002   Code   RO         1066    .ARM.Collect$$libinit$$00000000  c_w.l(libinit.o)
    0x080001f2   0x080001f2   0x00000000   Code   RO          848    .ARM.Collect$$libinit$$00000002  c_w.l(libinit2.o)
    0x080001f2   0x080001f2   0x00000000   Code   RO          850    .ARM.Collect$$libinit$$00000004  c_w.l(libinit2.o)
    0x080001f2   0x080001f2   0x00000008   Code   RO          851    .ARM.Collect$$libinit$$00000005  c_w.l(libinit2.o)
    0x080001fa   0x080001fa   0x00000000   Code   RO          853    .ARM.Collect$$libinit$$0000000A  c_w.l(libinit2.o)
    0x080001fa   0x080001fa   0x00000000   Code   RO          855    .ARM.Collect$$libinit$$0000000C  c_w.l(libinit2.o)
    0x080001fa   0x080001fa   0x00000000   Code   RO          857    .ARM.Collect$$libinit$$0000000E  c_w.l(libinit2.o)
    0x080001fa   0x080001fa   0x00000006   Code   RO          858    .ARM.Collect$$libinit$$0000000F  c_w.l(libinit2.o)
    0x08000200   0x08000200   0x00000000   Code   RO          860    .ARM.Collect$$libinit$$00000011  c_w.l(libinit2.o)
    0x08000200   0x08000200   0x0000000c   Code   RO          861    .ARM.Collect$$libinit$$00000012  c_w.l(libinit2.o)
    0x0800020c   0x0800020c   0x00000000   Code   RO          862    .ARM.Collect$$libinit$$00000013  c_w.l(libinit2.o)
    0x0800020c   0x0800020c   0x00000000   Code   RO          864    .ARM.Collect$$libinit$$00000015  c_w.l(libinit2.o)
    0x0800020c   0x0800020c   0x0000000a   Code   RO          865    .ARM.Collect$$libinit$$00000016  c_w.l(libinit2.o)
    0x08000216   0x08000216   0x00000000   Code   RO          866    .ARM.Collect$$libinit$$00000017  c_w.l(libinit2.o)
    0x08000216   0x08000216   0x00000000   Code   RO          868    .ARM.Collect$$libinit$$00000019  c_w.l(libinit2.o)
    0x08000216   0x08000216   0x00000000   Code   RO          870    .ARM.Collect$$libinit$$0000001B  c_w.l(libinit2.o)
    0x08000216   0x08000216   0x00000000   Code   RO          872    .ARM.Collect$$libinit$$0000001D  c_w.l(libinit2.o)
    0x08000216   0x08000216   0x00000000   Code   RO          874    .ARM.Collect$$libinit$$0000001F  c_w.l(libinit2.o)
    0x08000216   0x08000216   0x00000000   Code   RO          876    .ARM.Collect$$libinit$$00000021  c_w.l(libinit2.o)
    0x08000216   0x08000216   0x00000000   Code   RO          878    .ARM.Collect$$libinit$$00000023  c_w.l(libinit2.o)
    0x08000216   0x08000216   0x00000000   Code   RO          880    .ARM.Collect$$libinit$$00000025  c_w.l(libinit2.o)
    0x08000216   0x08000216   0x00000000   Code   RO          884    .ARM.Collect$$libinit$$0000002C  c_w.l(libinit2.o)
    0x08000216   0x08000216   0x00000000   Code   RO          886    .ARM.Collect$$libinit$$0000002E  c_w.l(libinit2.o)
    0x08000216   0x08000216   0x00000000   Code   RO          888    .ARM.Collect$$libinit$$00000030  c_w.l(libinit2.o)
    0x08000216   0x08000216   0x00000000   Code   RO          890    .ARM.Collect$$libinit$$00000032  c_w.l(libinit2.o)
    0x08000216   0x08000216   0x00000002   Code   RO          891    .ARM.Collect$$libinit$$00000033  c_w.l(libinit2.o)
    0x08000218   0x08000218   0x00000002   Code   RO         1128    .ARM.Collect$$libshutdown$$00000000  c_w.l(libshutdown.o)
    0x0800021a   0x0800021a   0x00000000   Code   RO         1082    .ARM.Collect$$libshutdown$$00000002  c_w.l(libshutdown2.o)
    0x0800021a   0x0800021a   0x00000000   Code   RO         1084    .ARM.Collect$$libshutdown$$00000004  c_w.l(libshutdown2.o)
    0x0800021a   0x0800021a   0x00000000   Code   RO         1087    .ARM.Collect$$libshutdown$$00000007  c_w.l(libshutdown2.o)
    0x0800021a   0x0800021a   0x00000000   Code   RO         1090    .ARM.Collect$$libshutdown$$0000000A  c_w.l(libshutdown2.o)
    0x0800021a   0x0800021a   0x00000000   Code   RO         1092    .ARM.Collect$$libshutdown$$0000000C  c_w.l(libshutdown2.o)
    0x0800021a   0x0800021a   0x00000000   Code   RO         1095    .ARM.Collect$$libshutdown$$0000000F  c_w.l(libshutdown2.o)
    0x0800021a   0x0800021a   0x00000002   Code   RO         1096    .ARM.Collect$$libshutdown$$00000010  c_w.l(libshutdown2.o)
    0x0800021c   0x0800021c   0x00000000   Code   RO          757    .ARM.Collect$$rtentry$$00000000  c_w.l(__rtentry.o)
    0x0800021c   0x0800021c   0x00000000   Code   RO          946    .ARM.Collect$$rtentry$$00000002  c_w.l(__rtentry2.o)
    0x0800021c   0x0800021c   0x00000006   Code   RO          958    .ARM.Collect$$rtentry$$00000004  c_w.l(__rtentry4.o)
    0x08000222   0x08000222   0x00000000   Code   RO          948    .ARM.Collect$$rtentry$$00000009  c_w.l(__rtentry2.o)
    0x08000222   0x08000222   0x00000004   Code   RO          949    .ARM.Collect$$rtentry$$0000000A  c_w.l(__rtentry2.o)
    0x08000226   0x08000226   0x00000000   Code   RO          951    .ARM.Collect$$rtentry$$0000000C  c_w.l(__rtentry2.o)
    0x08000226   0x08000226   0x00000008   Code   RO          952    .ARM.Collect$$rtentry$$0000000D  c_w.l(__rtentry2.o)
    0x0800022e   0x0800022e   0x00000002   Code   RO         1071    .ARM.Collect$$rtexit$$00000000  c_w.l(rtexit.o)
    0x08000230   0x08000230   0x00000000   Code   RO         1102    .ARM.Collect$$rtexit$$00000002  c_w.l(rtexit2.o)
    0x08000230   0x08000230   0x00000004   Code   RO         1103    .ARM.Collect$$rtexit$$00000003  c_w.l(rtexit2.o)
    0x08000234   0x08000234   0x00000006   Code   RO         1104    .ARM.Collect$$rtexit$$00000004  c_w.l(rtexit2.o)
    0x0800023a   0x0800023a   0x00000002   PAD
    0x0800023c   0x0800023c   0x00000000   Code   RO          967    .emb_text           c_w.l(maybetermalloc1.o)
    0x0800023c   0x0800023c   0x00000134   Code   RO           17    .text               stm32f10x_it.o
    0x08000370   0x08000370   0x000001e0   Code   RO          119    .text               system_stm32f10x.o
    0x08000550   0x08000550   0x00000040   Code   RO          140    .text               startup_stm32f10x_md.o
    0x08000590   0x08000590   0x000000dc   Code   RO          144    .text               misc.o
    0x0800066c   0x0800066c   0x0000035c   Code   RO          182    .text               stm32f10x_gpio.o
    0x080009c8   0x080009c8   0x000003a4   Code   RO          194    .text               stm32f10x_rcc.o
    0x08000d6c   0x08000d6c   0x00000408   Code   RO          208    .text               stm32f10x_usart.o
    0x08001174   0x08001174   0x0000011c   Code   RO          220    .text               stm32f10x_exti.o
    0x08001290   0x08001290   0x000000f4   Code   RO          232    .text               delay.o
    0x08001384   0x08001384   0x000001e8   Code   RO          250    .text               usart.o
    0x0800156c   0x0800156c   0x0000004c   Code   RO          272    .text               led.o
    0x080015b8   0x080015b8   0x000000a8   Code   RO          290    .text               key.o
    0x08001660   0x08001660   0x000001c4   Code   RO          309    .text               dht11.o
    0x08001824   0x08001824   0x00000320   Code   RO          324    .text               main.o
    0x08001b44   0x08001b44   0x00000b18   Code   RO          358    .text               onenet.o
    0x0800265c   0x0800265c   0x00000486   Code   RO          404    .text               hmac_sha1.o
    0x08002ae2   0x08002ae2   0x00000002   PAD
    0x08002ae4   0x08002ae4   0x000002b0   Code   RO          423    .text               base64.o
    0x08002d94   0x08002d94   0x00000e08   Code   RO          444    .text               mqttkit.o
    0x08003b9c   0x08003b9c   0x0000032c   Code   RO          472    .text               esp8266.o
    0x08003ec8   0x08003ec8   0x00001a80   Code   RO          492    .text               cjson.o
    0x08005948   0x08005948   0x000009d8   Code   RO          526    .text               oled.o
    0x08006320   0x08006320   0x0000005e   Code   RO          554    .text               c_w.l(h1_alloc.o)
    0x0800637e   0x0800637e   0x0000004e   Code   RO          556    .text               c_w.l(h1_free.o)
    0x080063cc   0x080063cc   0x0000001a   Code   RO          612    .text               c_w.l(tolower.o)
    0x080063e6   0x080063e6   0x00000002   PAD
    0x080063e8   0x080063e8   0x00000034   Code   RO          614    .text               c_w.l(vsnprintf.o)
    0x0800641c   0x0800641c   0x0000002c   Code   RO          616    .text               c_w.l(__2sprintf.o)
    0x08006448   0x08006448   0x00000038   Code   RO          618    .text               c_w.l(__2snprintf.o)
    0x08006480   0x08006480   0x0000004e   Code   RO          626    .text               c_w.l(_printf_pad.o)
    0x080064ce   0x080064ce   0x00000052   Code   RO          628    .text               c_w.l(_printf_str.o)
    0x08006520   0x08006520   0x00000078   Code   RO          630    .text               c_w.l(_printf_dec.o)
    0x08006598   0x08006598   0x00000094   Code   RO          650    .text               c_w.l(_printf_hex_int_ll_ptr.o)
    0x0800662c   0x0800662c   0x00000188   Code   RO          670    .text               c_w.l(__printf_flags_ss_wp.o)
    0x080067b4   0x080067b4   0x0000003c   Code   RO          679    .text               c_w.l(__0sscanf.o)
    0x080067f0   0x080067f0   0x0000014c   Code   RO          681    .text               c_w.l(_scanf_int.o)
    0x0800693c   0x0800693c   0x000000e0   Code   RO          683    .text               c_w.l(_scanf_str.o)
    0x08006a1c   0x08006a1c   0x0000001a   Code   RO          685    .text               c_w.l(atoi.o)
    0x08006a36   0x08006a36   0x00000014   Code   RO          687    .text               c_w.l(strchr.o)
    0x08006a4a   0x08006a4a   0x00000024   Code   RO          689    .text               c_w.l(strncat.o)
    0x08006a6e   0x08006a6e   0x00000024   Code   RO          691    .text               c_w.l(strstr.o)
    0x08006a92   0x08006a92   0x00000048   Code   RO          693    .text               c_w.l(strcpy.o)
    0x08006ada   0x08006ada   0x0000003e   Code   RO          695    .text               c_w.l(strlen.o)
    0x08006b18   0x08006b18   0x00000096   Code   RO          697    .text               c_w.l(strncmp.o)
    0x08006bae   0x08006bae   0x00000018   Code   RO          699    .text               c_w.l(strcat.o)
    0x08006bc6   0x08006bc6   0x0000008a   Code   RO          701    .text               c_w.l(rt_memcpy_v6.o)
    0x08006c50   0x08006c50   0x00000064   Code   RO          703    .text               c_w.l(rt_memcpy_w.o)
    0x08006cb4   0x08006cb4   0x00000044   Code   RO          705    .text               c_w.l(rt_memclr.o)
    0x08006cf8   0x08006cf8   0x0000004e   Code   RO          707    .text               c_w.l(rt_memclr_w.o)
    0x08006d46   0x08006d46   0x00000006   Code   RO          709    .text               c_w.l(heapauxi.o)
    0x08006d4c   0x08006d4c   0x00000010   Code   RO          758    .text               c_w.l(rt_ctype_table.o)
    0x08006d5c   0x08006d5c   0x00000008   Code   RO          763    .text               c_w.l(rt_heap_descriptor_intlibspace.o)
    0x08006d64   0x08006d64   0x00000008   Code   RO          768    .text               c_w.l(rt_errno_addr_intlibspace.o)
    0x08006d6c   0x08006d6c   0x00000004   Code   RO          770    .text               c_w.l(hguard.o)
    0x08006d70   0x08006d70   0x0000008a   Code   RO          772    .text               c_w.l(init_alloc.o)
    0x08006dfa   0x08006dfa   0x0000000e   Code   RO          776    .text               c_w.l(h1_init.o)
    0x08006e08   0x08006e08   0x00000016   Code   RO          790    .text               c_w.l(_rserrno.o)
    0x08006e1e   0x08006e1e   0x00000024   Code   RO          792    .text               c_w.l(_printf_truncate.o)
    0x08006e42   0x08006e42   0x000000b2   Code   RO          794    .text               c_w.l(_printf_intcommon.o)
    0x08006ef4   0x08006ef4   0x00000028   Code   RO          796    .text               c_w.l(_printf_charcount.o)
    0x08006f1c   0x08006f1c   0x0000041e   Code   RO          798    .text               c_w.l(_printf_fp_dec.o)
    0x0800733a   0x0800733a   0x00000002   PAD
    0x0800733c   0x0800733c   0x00000030   Code   RO          800    .text               c_w.l(_printf_char_common.o)
    0x0800736c   0x0800736c   0x0000000a   Code   RO          802    .text               c_w.l(_sputc.o)
    0x08007376   0x08007376   0x00000010   Code   RO          804    .text               c_w.l(_snputc.o)
    0x08007386   0x08007386   0x0000002c   Code   RO          806    .text               c_w.l(_printf_char.o)
    0x080073b2   0x080073b2   0x00000002   PAD
    0x080073b4   0x080073b4   0x000000bc   Code   RO          808    .text               c_w.l(_printf_wctomb.o)
    0x08007470   0x08007470   0x0000007c   Code   RO          811    .text               c_w.l(_printf_longlong_dec.o)
    0x080074ec   0x080074ec   0x00000070   Code   RO          817    .text               c_w.l(_printf_oct_int_ll.o)
    0x0800755c   0x0800755c   0x0000001c   Code   RO          837    .text               c_w.l(_chval.o)
    0x08007578   0x08007578   0x0000002c   Code   RO          839    .text               c_w.l(scanf_char.o)
    0x080075a4   0x080075a4   0x00000040   Code   RO          841    .text               c_w.l(_sgetc.o)
    0x080075e4   0x080075e4   0x00000070   Code   RO          843    .text               c_w.l(strtol.o)
    0x08007654   0x08007654   0x00000008   Code   RO          942    .text               c_w.l(libspace.o)
    0x0800765c   0x0800765c   0x00000008   Code   RO          963    .text               c_w.l(rt_locale_intlibspace.o)
    0x08007664   0x08007664   0x00000034   Code   RO          969    .text               c_w.l(h1_extend.o)
    0x08007698   0x08007698   0x0000008a   Code   RO          973    .text               c_w.l(lludiv10.o)
    0x08007722   0x08007722   0x00000012   Code   RO          975    .text               c_w.l(isspace.o)
    0x08007734   0x08007734   0x000002fc   Code   RO          977    .text               c_w.l(_printf_fp_hex.o)
    0x08007a30   0x08007a30   0x00000080   Code   RO          980    .text               c_w.l(_printf_fp_infnan.o)
    0x08007ab0   0x08007ab0   0x0000002c   Code   RO          984    .text               c_w.l(_printf_wchar.o)
    0x08007adc   0x08007adc   0x00000374   Code   RO          986    .text               c_w.l(_scanf.o)
    0x08007e50   0x08007e50   0x0000009e   Code   RO          988    .text               c_w.l(_strtoul.o)
    0x08007eee   0x08007eee   0x00000002   PAD
    0x08007ef0   0x08007ef0   0x000000e4   Code   RO          990    .text               c_w.l(bigflt0.o)
    0x08007fd4   0x08007fd4   0x00000040   Code   RO         1015    .text               c_w.l(_wcrtomb.o)
    0x08008014   0x08008014   0x0000000e   Code   RO         1023    .text               c_w.l(defsig_rtmem_outer.o)
    0x08008022   0x08008022   0x00000002   Code   RO         1040    .text               c_w.l(use_no_semi.o)
    0x08008024   0x08008024   0x00000000   Code   RO         1042    .text               c_w.l(indicate_semi.o)
    0x08008024   0x08008024   0x0000004a   Code   RO         1043    .text               c_w.l(sys_stackheap_outer.o)
    0x0800806e   0x0800806e   0x00000012   Code   RO         1049    .text               c_w.l(exit.o)
    0x08008080   0x08008080   0x0000000a   Code   RO         1051    .text               c_w.l(defsig_exit.o)
    0x0800808a   0x0800808a   0x00000002   PAD
    0x0800808c   0x0800808c   0x00000050   Code   RO         1053    .text               c_w.l(defsig_rtmem_inner.o)
    0x080080dc   0x080080dc   0x00000080   Code   RO         1055    .text               c_w.l(strcmpv7m.o)
    0x0800815c   0x0800815c   0x0000000c   Code   RO         1069    .text               c_w.l(sys_exit.o)
    0x08008168   0x08008168   0x00000032   Code   RO         1079    .text               c_w.l(defsig_general.o)
    0x0800819a   0x0800819a   0x0000000e   Code   RO         1099    .text               c_w.l(sys_wrch.o)
    0x080081a8   0x080081a8   0x0000003e   Code   RO          993    CL$$btod_d2e        c_w.l(btod.o)
    0x080081e6   0x080081e6   0x00000046   Code   RO          995    CL$$btod_d2e_denorm_low  c_w.l(btod.o)
    0x0800822c   0x0800822c   0x00000060   Code   RO          994    CL$$btod_d2e_norm_op1  c_w.l(btod.o)
    0x0800828c   0x0800828c   0x00000338   Code   RO         1003    CL$$btod_div_common  c_w.l(btod.o)
    0x080085c4   0x080085c4   0x000000dc   Code   RO         1000    CL$$btod_e2e        c_w.l(btod.o)
    0x080086a0   0x080086a0   0x0000002a   Code   RO          997    CL$$btod_ediv       c_w.l(btod.o)
    0x080086ca   0x080086ca   0x0000002a   Code   RO          996    CL$$btod_emul       c_w.l(btod.o)
    0x080086f4   0x080086f4   0x00000244   Code   RO         1002    CL$$btod_mult_common  c_w.l(btod.o)
    0x08008938   0x08008938   0x00000028   Code   RO          927    i.__ARM_fpclassify  m_ws.l(fpclassify.o)
    0x08008960   0x08008960   0x000000aa   Code   RO          929    i.__kernel_poly     m_ws.l(poly.o)
    0x08008a0a   0x08008a0a   0x00000002   PAD
    0x08008a0c   0x08008a0c   0x00000010   Code   RO          913    i.__mathlib_dbl_divzero  m_ws.l(dunder.o)
    0x08008a1c   0x08008a1c   0x00000004   Code   RO          915    i.__mathlib_dbl_infnan2  m_ws.l(dunder.o)
    0x08008a20   0x08008a20   0x0000000c   Code   RO          916    i.__mathlib_dbl_invalid  m_ws.l(dunder.o)
    0x08008a2c   0x08008a2c   0x0000000e   Code   RO          917    i.__mathlib_dbl_overflow  m_ws.l(dunder.o)
    0x08008a3a   0x08008a3a   0x00000002   PAD
    0x08008a3c   0x08008a3c   0x00000010   Code   RO          919    i.__mathlib_dbl_underflow  m_ws.l(dunder.o)
    0x08008a4c   0x08008a4c   0x0000000e   Code   RO          663    i._is_digit         c_w.l(__printf_wp.o)
    0x08008a5a   0x08008a5a   0x00000002   PAD
    0x08008a5c   0x08008a5c   0x000000dc   Code   RO          742    i.floor             m_ws.l(floor.o)
    0x08008b38   0x08008b38   0x000009d8   Code   RO          746    i.pow               m_ws.l(pow.o)
    0x08009510   0x08009510   0x0000004c   Code   RO          933    i.sqrt              m_ws.l(sqrt.o)
    0x0800955c   0x0800955c   0x0000002c   Code   RO         1018    locale$$code        c_w.l(lc_ctype_c.o)
    0x08009588   0x08009588   0x0000002c   Code   RO         1021    locale$$code        c_w.l(lc_numeric_c.o)
    0x080095b4   0x080095b4   0x00000150   Code   RO          713    x$fpl$dadd          fz_ws.l(daddsub_clz.o)
    0x08009704   0x08009704   0x00000010   Code   RO         1032    x$fpl$dcheck1       fz_ws.l(dcheck1.o)
    0x08009714   0x08009714   0x00000018   Code   RO          892    x$fpl$dcmpinf       fz_ws.l(dcmpi.o)
    0x0800972c   0x0800972c   0x000002b0   Code   RO          895    x$fpl$ddiv          fz_ws.l(ddiv.o)
    0x080099dc   0x080099dc   0x00000078   Code   RO          719    x$fpl$deqf          fz_ws.l(deqf.o)
    0x08009a54   0x08009a54   0x0000005e   Code   RO          721    x$fpl$dfix          fz_ws.l(dfix.o)
    0x08009ab2   0x08009ab2   0x0000002e   Code   RO          726    x$fpl$dflt          fz_ws.l(dflt_clz.o)
    0x08009ae0   0x08009ae0   0x00000078   Code   RO          731    x$fpl$dleqf         fz_ws.l(dleqf.o)
    0x08009b58   0x08009b58   0x00000154   Code   RO          733    x$fpl$dmul          fz_ws.l(dmul.o)
    0x08009cac   0x08009cac   0x0000009c   Code   RO          898    x$fpl$dnaninf       fz_ws.l(dnaninf.o)
    0x08009d48   0x08009d48   0x0000000c   Code   RO          900    x$fpl$dretinf       fz_ws.l(dretinf.o)
    0x08009d54   0x08009d54   0x0000006c   Code   RO          735    x$fpl$drleqf        fz_ws.l(drleqf.o)
    0x08009dc0   0x08009dc0   0x00000016   Code   RO          714    x$fpl$drsb          fz_ws.l(daddsub_clz.o)
    0x08009dd6   0x08009dd6   0x00000002   PAD
    0x08009dd8   0x08009dd8   0x000001cc   Code   RO         1034    x$fpl$dsqrt         fz_ws.l(dsqrt_noumaal.o)
    0x08009fa4   0x08009fa4   0x000001d4   Code   RO          715    x$fpl$dsub          fz_ws.l(daddsub_clz.o)
    0x0800a178   0x0800a178   0x00000056   Code   RO          737    x$fpl$f2d           fz_ws.l(f2d.o)
    0x0800a1ce   0x0800a1ce   0x0000008c   Code   RO          902    x$fpl$fnaninf       fz_ws.l(fnaninf.o)
    0x0800a25a   0x0800a25a   0x00000004   Code   RO          739    x$fpl$printf1       fz_ws.l(printf1.o)
    0x0800a25e   0x0800a25e   0x00000004   Code   RO          904    x$fpl$printf2       fz_ws.l(printf2.o)
    0x0800a262   0x0800a262   0x00000064   Code   RO         1067    x$fpl$retnan        fz_ws.l(retnan.o)
    0x0800a2c6   0x0800a2c6   0x0000005c   Code   RO          910    x$fpl$scalbn        fz_ws.l(scalbn.o)
    0x0800a322   0x0800a322   0x00000030   Code   RO         1097    x$fpl$trapveneer    fz_ws.l(trapv.o)
    0x0800a352   0x0800a352   0x00000000   Code   RO          912    x$fpl$usenofp       fz_ws.l(usenofp.o)
    0x0800a352   0x0800a352   0x000000c0   Data   RO          424    .constdata          base64.o
    0x0800a412   0x0800a412   0x00000007   Data   RO          493    .constdata          cjson.o
    0x0800a419   0x0800a419   0x00001e10   Data   RO          528    .constdata          oled.o
    0x0800c229   0x0800c229   0x00000028   Data   RO          651    .constdata          c_w.l(_printf_hex_int_ll_ptr.o)
    0x0800c251   0x0800c251   0x00000011   Data   RO          671    .constdata          c_w.l(__printf_flags_ss_wp.o)
    0x0800c262   0x0800c262   0x00000006   PAD
    0x0800c268   0x0800c268   0x00000088   Data   RO          747    .constdata          m_ws.l(pow.o)
    0x0800c2f0   0x0800c2f0   0x00000008   Data   RO          809    .constdata          c_w.l(_printf_wctomb.o)
    0x0800c2f8   0x0800c2f8   0x00000008   Data   RO          931    .constdata          m_ws.l(qnan.o)
    0x0800c300   0x0800c300   0x00000026   Data   RO          978    .constdata          c_w.l(_printf_fp_hex.o)
    0x0800c326   0x0800c326   0x00000002   PAD
    0x0800c328   0x0800c328   0x00000094   Data   RO          991    .constdata          c_w.l(bigflt0.o)
    0x0800c3bc   0x0800c3bc   0x0000019f   Data   RO          360    .conststring        onenet.o
    0x0800c55b   0x0800c55b   0x00000001   PAD
    0x0800c55c   0x0800c55c   0x00000020   Data   RO         1129    Region$$Table       anon$$obj.o
    0x0800c57c   0x0800c57c   0x00000110   Data   RO         1017    locale$$data        c_w.l(lc_ctype_c.o)
    0x0800c68c   0x0800c68c   0x0000001c   Data   RO         1020    locale$$data        c_w.l(lc_numeric_c.o)


    Execution Region RW_IRAM1 (Exec base: 0x20000000, Load base: 0x0800c6a8, Size: 0x00001168, Max: 0x00005000, ABSOLUTE)

    Exec Addr    Load Addr    Size         Type   Attr      Idx    E Section Name        Object

    0x20000000   0x0800c6a8   0x00000014   Data   RW          120    .data               system_stm32f10x.o
    0x20000014   0x0800c6bc   0x00000014   Data   RW          195    .data               stm32f10x_rcc.o
    0x20000028   0x0800c6d0   0x00000004   Data   RW          233    .data               delay.o
    0x2000002c   0x0800c6d4   0x00000001   Data   RW          273    .data               led.o
    0x2000002d   0x0800c6d5   0x00000002   Data   RW          325    .data               main.o
    0x2000002f   0x0800c6d7   0x00000001   PAD
    0x20000030   0x0800c6d8   0x00000002   Data   RW          361    .data               onenet.o
    0x20000032   0x0800c6da   0x00000004   Data   RW          474    .data               esp8266.o
    0x20000036   0x0800c6de   0x00000002   PAD
    0x20000038   0x0800c6e0   0x0000000c   Data   RW          494    .data               cjson.o
    0x20000044        -       0x00000040   Zero   RW          359    .bss                onenet.o
    0x20000084        -       0x00000200   Zero   RW          473    .bss                esp8266.o
    0x20000284        -       0x00000480   Zero   RW          527    .bss                oled.o
    0x20000704        -       0x00000060   Zero   RW          943    .bss                c_w.l(libspace.o)
    0x20000764   0x0800c6ec   0x00000004   PAD
    0x20000768        -       0x00000200   Zero   RW          138    HEAP                startup_stm32f10x_md.o
    0x20000968        -       0x00000800   Zero   RW          137    STACK               startup_stm32f10x_md.o


==============================================================================

Image component sizes


      Code (inc. data)   RO Data    RW Data    ZI Data      Debug   Object Name

       688          8        192          0          0       3142   base64.o
      6784        208          7         12          0      24188   cjson.o
         0          0          0          0          0       4540   core_cm3.o
       244         10          0          4          0       1448   delay.o
       452          4          0          0          0       2544   dht11.o
       812        264          0          4        512       2951   esp8266.o
      1158         28          0          0          0       3204   hmac_sha1.o
       168         10          0          0          0        712   key.o
        76          8          0          1          0       1174   led.o
       800        254          0          2          0       1137   main.o
       220         22          0          0          0     207189   misc.o
      3592         74          0          0          0      15219   mqttkit.o
      2520         56       7696          0       1152       9127   oled.o
      2840       1098        415          2         64       9312   onenet.o
        64         26        236          0       2560        808   startup_stm32f10x_md.o
       284         10          0          0          0       2179   stm32f10x_exti.o
       860         38          0          0          0       5653   stm32f10x_gpio.o
       308        248          0          0          0      24451   stm32f10x_it.o
       932         36          0         20          0       8812   stm32f10x_rcc.o
      1032         22          0          0          0       8380   stm32f10x_usart.o
       480         38          0         20          0       1743   system_stm32f10x.o
       488         14          0          0          0       3285   usart.o

    ----------------------------------------------------------------------
     24804       2476       8579         68       4288     341198   Object Totals
         0          0         32          0          0          0   (incl. Generated)
         2          0          1          3          0          0   (incl. Padding)

    ----------------------------------------------------------------------

      Code (inc. data)   RO Data    RW Data    ZI Data      Debug   Library Member Name

        60          8          0          0          0         84   __0sscanf.o
        56          6          0          0          0         88   __2snprintf.o
        44          6          0          0          0         84   __2sprintf.o
         8          0          0          0          0         68   __main.o
       392          4         17          0          0         92   __printf_flags_ss_wp.o
        14          0          0          0          0         68   __printf_wp.o
         0          0          0          0          0          0   __rtentry.o
        12          0          0          0          0          0   __rtentry2.o
         6          0          0          0          0          0   __rtentry4.o
        52          8          0          0          0          0   __scatter.o
        26          0          0          0          0          0   __scatter_copy.o
        28          0          0          0          0          0   __scatter_zi.o
        28          0          0          0          0         68   _chval.o
         6          0          0          0          0          0   _printf_a.o
         6          0          0          0          0          0   _printf_c.o
        44          0          0          0          0        108   _printf_char.o
        48          6          0          0          0         96   _printf_char_common.o
        40          0          0          0          0         68   _printf_charcount.o
         6          0          0          0          0          0   _printf_d.o
       120         16          0          0          0         92   _printf_dec.o
         6          0          0          0          0          0   _printf_e.o
         6          0          0          0          0          0   _printf_f.o
      1054          0          0          0          0        216   _printf_fp_dec.o
       764          8         38          0          0        100   _printf_fp_hex.o
       128         16          0          0          0         84   _printf_fp_infnan.o
         6          0          0          0          0          0   _printf_g.o
       148          4         40          0          0        160   _printf_hex_int_ll_ptr.o
         6          0          0          0          0          0   _printf_i.o
       178          0          0          0          0         88   _printf_intcommon.o
        10          0          0          0          0          0   _printf_l.o
         6          0          0          0          0          0   _printf_lc.o
        10          0          0          0          0          0   _printf_ll.o
         6          0          0          0          0          0   _printf_lld.o
         6          0          0          0          0          0   _printf_lli.o
         6          0          0          0          0          0   _printf_llo.o
         6          0          0          0          0          0   _printf_llu.o
         6          0          0          0          0          0   _printf_llx.o
       124         16          0          0          0         92   _printf_longlong_dec.o
         6          0          0          0          0          0   _printf_ls.o
         6          0          0          0          0          0   _printf_n.o
         6          0          0          0          0          0   _printf_o.o
       112         10          0          0          0        124   _printf_oct_int_ll.o
         6          0          0          0          0          0   _printf_p.o
        78          0          0          0          0        108   _printf_pad.o
         0          0          0          0          0          0   _printf_percent.o
         4          0          0          0          0          0   _printf_percent_end.o
         6          0          0          0          0          0   _printf_s.o
        82          0          0          0          0         80   _printf_str.o
        36          0          0          0          0         84   _printf_truncate.o
         6          0          0          0          0          0   _printf_u.o
        44          0          0          0          0        108   _printf_wchar.o
       188          6          8          0          0         92   _printf_wctomb.o
         6          0          0          0          0          0   _printf_x.o
        22          0          0          0          0        100   _rserrno.o
       884          6          0          0          0        100   _scanf.o
       332          0          0          0          0         96   _scanf_int.o
       224          0          0          0          0         96   _scanf_str.o
        64          0          0          0          0         84   _sgetc.o
        16          0          0          0          0         68   _snputc.o
        10          0          0          0          0         68   _sputc.o
       158          0          0          0          0         92   _strtoul.o
        64          0          0          0          0         92   _wcrtomb.o
        26          0          0          0          0         80   atoi.o
       228          4        148          0          0         96   bigflt0.o
      1936        128          0          0          0        672   btod.o
        10          0          0          0          0         68   defsig_exit.o
        50          0          0          0          0         88   defsig_general.o
        80         58          0          0          0         76   defsig_rtmem_inner.o
        14          0          0          0          0         80   defsig_rtmem_outer.o
        18          0          0          0          0         80   exit.o
        94          0          0          0          0         80   h1_alloc.o
        52          0          0          0          0         68   h1_extend.o
        78          0          0          0          0         80   h1_free.o
        14          0          0          0          0         84   h1_init.o
         6          0          0          0          0        152   heapauxi.o
         4          0          0          0          0        136   hguard.o
         0          0          0          0          0          0   indicate_semi.o
       138          0          0          0          0        168   init_alloc.o
        18          0          0          0          0         76   isspace.o
        44         10        272          0          0         76   lc_ctype_c.o
        44         10         28          0          0         76   lc_numeric_c.o
         2          0          0          0          0          0   libinit.o
        38          0          0          0          0          0   libinit2.o
         2          0          0          0          0          0   libshutdown.o
         2          0          0          0          0          0   libshutdown2.o
         8          4          0          0         96         68   libspace.o
       138          0          0          0          0         80   lludiv10.o
         0          0          0          0          0          0   maybetermalloc1.o
        16          4          0          0          0         76   rt_ctype_table.o
         8          4          0          0          0         68   rt_errno_addr_intlibspace.o
         8          4          0          0          0         68   rt_heap_descriptor_intlibspace.o
         8          4          0          0          0         68   rt_locale_intlibspace.o
        68          0          0          0          0         68   rt_memclr.o
        78          0          0          0          0         80   rt_memclr_w.o
       138          0          0          0          0         68   rt_memcpy_v6.o
       100          0          0          0          0         80   rt_memcpy_w.o
         2          0          0          0          0          0   rtexit.o
        10          0          0          0          0          0   rtexit2.o
        44          8          0          0          0         84   scanf_char.o
        24          0          0          0          0         68   strcat.o
        20          0          0          0          0         68   strchr.o
       128          0          0          0          0         68   strcmpv7m.o
        72          0          0          0          0         80   strcpy.o
        62          0          0          0          0         76   strlen.o
        36          0          0          0          0         76   strncat.o
       150          0          0          0          0         80   strncmp.o
        36          0          0          0          0         80   strstr.o
       112          0          0          0          0         88   strtol.o
        12          4          0          0          0         68   sys_exit.o
        74          0          0          0          0         80   sys_stackheap_outer.o
        14          0          0          0          0         76   sys_wrch.o
        26          0          0          0          0         76   tolower.o
         2          0          0          0          0         68   use_no_semi.o
        52          4          0          0          0         80   vsnprintf.o
       826         16          0          0          0        348   daddsub_clz.o
        16          4          0          0          0         68   dcheck1.o
        24          0          0          0          0         68   dcmpi.o
       688        140          0          0          0        208   ddiv.o
       120          4          0          0          0         92   deqf.o
        94          4          0          0          0         92   dfix.o
        46          0          0          0          0         68   dflt_clz.o
       120          4          0          0          0         92   dleqf.o
       340         12          0          0          0        104   dmul.o
       156          4          0          0          0         92   dnaninf.o
        12          0          0          0          0         68   dretinf.o
       108          0          0          0          0         80   drleqf.o
       460         56          0          0          0        120   dsqrt_noumaal.o
        86          4          0          0          0         84   f2d.o
       140          4          0          0          0         84   fnaninf.o
         4          0          0          0          0         68   printf1.o
         4          0          0          0          0         68   printf2.o
       100          0          0          0          0         68   retnan.o
        92          0          0          0          0         68   scalbn.o
        48          0          0          0          0         68   trapv.o
         0          0          0          0          0          0   usenofp.o
        62         10          0          0          0        340   dunder.o
       220         16          0          0          0         84   floor.o
        40          0          0          0          0         68   fpclassify.o
       170          0          0          0          0         96   poly.o
      2520        190        136          0          0        324   pow.o
         0          0          8          0          0          0   qnan.o
        76          0          0          0          0         84   sqrt.o

    ----------------------------------------------------------------------
     16770        834        703          0        100      10228   Library Totals
        22          0          8          0          4          0   (incl. Padding)

    ----------------------------------------------------------------------

      Code (inc. data)   RO Data    RW Data    ZI Data      Debug   Library Name

     10176        366        551          0         96       7224   c_w.l
      3484        252          0          0          0       2008   fz_ws.l
      3088        216        144          0          0        996   m_ws.l

    ----------------------------------------------------------------------
     16770        834        703          0        100      10228   Library Totals

    ----------------------------------------------------------------------

==============================================================================


      Code (inc. data)   RO Data    RW Data    ZI Data      Debug   

     41574       3310       9282         68       4388     343778   Grand Totals
     41574       3310       9282         68       4388     343778   ELF Image Totals
     41574       3310       9282         68          0          0   ROM Totals

==============================================================================

    Total RO  Size (Code + RO Data)                50856 (  49.66kB)
    Total RW  Size (RW Data + ZI Data)              4456 (   4.35kB)
    Total ROM Size (Code + RO Data + RW Data)      50924 (  49.73kB)

==============================================================================

